{"measuresParams":[{"closingBarLineName":"barLine","pageLineNumber":1,"stavesParams":[{"voicesParams":[[{"notes":[{"noteName":"c","id":0}],"unitDuration":0.25,"stemDirection":"up","isGrace":true,"articulationParams":[{"name":"dynamicMark","textValue":"p","direction":"down"}],"beamedWithNext":false},{"notes":[{"noteName":"c","id":0}],"unitDuration":0.25,"stemDirection":"up","beamedWithNext":false,"dynamicChangeMark":{"key":"crescendo-or-diminuendo-1","type":"crescendo","direction":"up","yCorrection":0,"valueBefore":"f"}},{"notes":[{"noteName":"c","id":0}],"unitDuration":0.25,"stemDirection":"up","beamedWithNext":false},{"notes":[{"noteName":"c","id":0}],"unitDuration":0.25,"stemDirection":"up","beamedWithNext":false},{"notes":[{"noteName":"c","id":0}],"unitDuration":0.25,"stemDirection":"up","beamedWithNext":false,"dynamicChangeMark":{"key":"crescendo-or-diminuendo-1","finish":true}}]]}],"pageIndex":0,"measureIndexOnPage":0}]}