{"measuresParams":[{"closingBarLineName":"barLine","pageLineNumber":1,"stavesParams":[{"voicesParams":[[{"notes":[{"noteName":"c","id":0}],"unitDuration":0.25,"stemDirection":"up","pedalMark":{"key":"pedal-1","textValue":"Ped.","start":true,"finish":true},"beamedWithNext":false},{"notes":[{"noteName":"d","id":0}],"unitDuration":0.25,"stemDirection":"up","beamedWithNext":false},{"notes":[{"noteName":"e","id":0}],"unitDuration":0.25,"stemDirection":"up","beamedWithNext":false},{"notes":[{"noteName":"f","id":0}],"unitDuration":0.25,"stemDirection":"up","beamedWithNext":false},{"notes":[{"noteName":"g","id":0}],"unitDuration":0.25,"stemDirection":"up","beamedWithNext":false},{"notes":[{"noteName":"a","id":0}],"unitDuration":0.25,"stemDirection":"up","beamedWithNext":false},{"notes":[{"noteName":"b","id":0}],"unitDuration":0.25,"stemDirection":"up","beamedWithNext":false},{"notes":[{"noteName":"c","octaveNumber":"5","id":0}],"unitDuration":0.25,"stemDirection":"up","beamedWithNext":false}]]}],"pageIndex":0,"measureIndexOnPage":0},{"closingBarLineName":"barLine","pageLineNumber":1,"stavesParams":[{"voicesParams":[[{"notes":[{"noteName":"c","id":0}],"unitDuration":0.25,"stemDirection":"up","pedalMark":{"key":"pedal-2","textValue":"Ped.","start":true,"finish":false},"beamedWithNext":false},{"notes":[{"noteName":"d","id":0}],"unitDuration":0.25,"stemDirection":"up","beamedWithNext":false},{"notes":[{"noteName":"e","id":0}],"unitDuration":0.25,"stemDirection":"up","beamedWithNext":false},{"notes":[{"noteName":"f","id":0}],"unitDuration":0.25,"stemDirection":"up","beamedWithNext":false},{"notes":[{"noteName":"g","id":0}],"unitDuration":0.25,"stemDirection":"up","beamedWithNext":false},{"notes":[{"noteName":"a","id":0}],"unitDuration":0.25,"stemDirection":"up","beamedWithNext":false},{"notes":[{"noteName":"b","id":0}],"unitDuration":0.25,"stemDirection":"up","beamedWithNext":false},{"notes":[{"noteName":"c","octaveNumber":"5","id":0}],"unitDuration":0.25,"stemDirection":"up","pedalMark":{"key":"pedal-2","release":true,"finish":true,"afterUnit":true},"beamedWithNext":false}]]}],"pageIndex":0,"measureIndexOnPage":1}]}