{"measuresParams":[{"closingBarLineName":"barLine","pageLineNumber":1,"stavesParams":[{"voicesParams":[[{"notes":[{"noteName":"c","id":0},{"noteName":"e","id":1},{"noteName":"g","id":2}],"unitDuration":0.25,"tiedWithNext":{},"stemDirection":"down","beamedWithNext":false},{"notes":[{"noteName":"g","id":0}],"unitDuration":0.25,"stemDirection":"down","beamedWithNext":false},{"notes":[{"noteName":"e","id":0}],"unitDuration":0.25,"stemDirection":"down","beamedWithNext":false},{"notes":[{"noteName":"c","id":0}],"unitDuration":0.25,"stemDirection":"down","beamedWithNext":false}],[{"notes":[{"positionNumber":0.5,"id":0}],"isRest":true,"unitDuration":0.25,"stemDirection":"down","beamedWithNext":false},{"notes":[{"noteName":"g","octaveNumber":"5","id":0}],"unitDuration":0.25,"stemDirection":"up","beamedWithNext":false},{"notes":[{"noteName":"e","octaveNumber":"5","id":0}],"unitDuration":0.25,"stemDirection":"up","beamedWithNext":false},{"notes":[{"noteName":"c","octaveNumber":"6","id":0}],"unitDuration":0.25,"stemDirection":"up","beamedWithNext":false}]]}],"pageIndex":0,"measureIndexOnPage":0}]}