{"measuresParams":[{"closingBarLineName":"barLine","pageLineNumber":1,"stavesParams":[{"voicesParams":[[{"notes":[{"noteName":"a","id":0}],"unitDuration":0.25,"stemDirection":"up","breathMarkBefore":{"type":"comma","yCorrection":1},"beamedWithNext":false},{"notes":[{"noteName":"a","id":0}],"unitDuration":0.25,"stemDirection":"up","breathMarkBefore":{"type":"double slash","yCorrection":1},"beamedWithNext":false}]]}]}]}