{"measuresParams":[{"closingBarLineName":"barLine","pageLineNumber":1,"stavesParams":[{"voicesParams":[[{"notes":[{"noteName":"a","id":0}],"unitDuration":0.25,"stemDirection":"up","beamedWithNext":false}],[{"notes":[{"noteName":"a","id":0}],"unitDuration":0.25,"stemDirection":"down","beamedWithNext":false}],[{"notes":[{"noteName":"a","id":0}],"unitDuration":0.25,"stemDirection":"up","beamedWithNext":false}],[{"notes":[{"noteName":"a","id":0}],"unitDuration":0.25,"stemDirection":"down","beamedWithNext":false}]]}]}]}