{"measuresParams":[{"closingBarLineName":"barLine","pageLineNumber":1,"stavesParams":[{"voicesParams":[[{"notes":[{"noteName":"a","id":0}],"unitDuration":0.5,"stemDirection":"up","relatedLyrics":[{"textValue":"uni","dashAfter":true}],"beamedWithNext":false},{"notes":[{"noteName":"a","id":0}],"unitDuration":0.25,"stemDirection":"up","relatedLyrics":[{"textValue":"son"}],"beamedWithNext":false}]]}]}]}