{"measuresParams":[{"closingBarLineName":"barLine","pageLineNumber":1,"isMeasureRest":true,"stavesParams":[{"voicesParams":[[{"notes":[{"noteName":"a","id":0}],"unitDuration":0.25,"stemDirection":"up","beamedWithNext":false},{"notes":[{"noteName":"b","id":0}],"unitDuration":0.25,"stemDirection":"up","beamedWithNext":false},{"notes":[{"noteName":"d","id":0}],"unitDuration":0.25,"stemDirection":"up","beamedWithNext":false}]]}]}]}