{"measuresParams":[{"closingBarLineName":"barLine","pageLineNumber":1,"stavesParams":[{"voicesParams":[[{"notes":[{"noteName":"a","id":0}],"unitDuration":0.25,"stemDirection":"up","pedalMark":{"key":"pedal-1","textValue":"Ped.","start":true,"finish":true,"yCorrection":2},"beamedWithNext":false},{"notes":[{"noteName":"b","id":0}],"unitDuration":0.25,"stemDirection":"up","beamedWithNext":false}]]}]}]}