{"measuresParams":[{"closingBarLineName":"barLine","pageLineNumber":1,"stavesParams":[{"voicesParams":[[{"notes":[{"noteName":"a","id":0}],"unitDuration":0.25,"stemDirection":"up","beamedWithNext":false,"tupletMarks":[{"key":"tuplet-1","value":"6:4"}]},{"notes":[{"noteName":"a","id":0}],"unitDuration":0.25,"stemDirection":"up","beamedWithNext":false},{"notes":[{"noteName":"a","id":0}],"unitDuration":0.25,"stemDirection":"up","beamedWithNext":false}]]},{"voicesParams":[[{"notes":[{"noteName":"a","id":0}],"unitDuration":0.25,"stemDirection":"up","beamedWithNext":false},{"notes":[{"noteName":"a","id":0}],"unitDuration":0.25,"stemDirection":"up","beamedWithNext":false}]]}]},{"closingBarLineName":"barLine","pageLineNumber":1,"stavesParams":[{"voicesParams":[[{"notes":[{"noteName":"a","id":0}],"unitDuration":0.25,"stemDirection":"up","beamedWithNext":false},{"notes":[{"noteName":"a","id":0}],"unitDuration":0.25,"stemDirection":"up","beamedWithNext":false},{"notes":[{"noteName":"a","id":0}],"unitDuration":0.25,"stemDirection":"up","beamedWithNext":false,"tupletMarks":[{"key":"tuplet-1","finish":true}]}]]},{"voicesParams":[[{"notes":[{"positionNumber":2,"id":0}],"isRest":true,"unitDuration":0.25,"stemDirection":"up","beamedWithNext":false},{"notes":[{"positionNumber":2,"id":0}],"isRest":true,"unitDuration":0.25,"stemDirection":"up","beamedWithNext":false}]]}]},{"closingBarLineName":"barLine","pageLineNumber":1,"stavesParams":[{"voicesParams":[[{"notes":[{"noteName":"a","id":0}],"unitDuration":0.5,"stemDirection":"up","beamedWithNext":false}]]},{"voicesParams":[[{"notes":[{"positionNumber":2,"id":0}],"isRest":true,"unitDuration":0.5,"stemDirection":"up","beamedWithNext":false}]]}]}]}