{"measuresParams":[{"closingBarLineName":"barLine","pageLineNumber":1,"stavesParams":[{"voicesParams":[[{"notes":[{"noteName":"a","id":0}],"unitDuration":0.25,"stemDirection":"up","articulationParams":[{"name":"turn","keyAbove":"sharp","yCorrection":-1}],"beamedWithNext":false}]]}]}]}