{"measuresParams":[{"closingBarLineName":"barLine","pageLineNumber":1,"stavesParams":[{"voicesParams":[[{"notes":[{"noteName":"a","id":0}],"unitDuration":0.5,"stemDirection":"up","tiedWithNext":{"roundCoefficientFactor":1},"beamedWithNext":false},{"notes":[{"noteName":"a","id":0}],"unitDuration":0.125,"stemDirection":"up"},{"notes":[{"noteName":"a","id":0}],"unitDuration":0.5,"stemDirection":"up","tiedWithNext":{"roundCoefficientFactor":5},"beamedWithNext":false},{"notes":[{"noteName":"a","id":0}],"unitDuration":0.125,"stemDirection":"up"},{"notes":[{"noteName":"a","id":0}],"unitDuration":0.5,"stemDirection":"up","tiedWithNext":{"roundCoefficientFactor":10},"beamedWithNext":false},{"notes":[{"noteName":"a","id":0}],"unitDuration":0.125,"stemDirection":"up"}]]}]}]}