<span class="th" ref-id="all-units">stretch <span class="cuph" ref-id="all-units">units</span> by 5 times
</span><span class="th" ref-id="note-1-1-1-1-1">
<span class="cuph" ref-id="note-1-1-1-1-1">4 a2</span>
</span><span class="th" ref-id="note-1-1-1-2-1"><span class="cuph" ref-id="note-1-1-1-2-1">4 a6</span>
</span><span class="th" ref-id="note-1-1-1-3-1"><span class="cuph" ref-id="note-1-1-1-3-1">4 a2</span>
</span><span class="th" ref-id="glissando-1">
<span class="eh" ref-id="glissando-1">glissando</span> <span class="th" ref-id="unit-1-1-1-1">from <span class="cupph" ref-id="unit-1-1-1-1"><span class="cuph" ref-id="unit-1-1-1-1">note 1</span></span> </span><span class="th" ref-id="unit-1-1-1-2">to <span class="cupph" ref-id="unit-1-1-1-2"><span class="cuph" ref-id="unit-1-1-1-2">note 2</span></span>
</span></span><span class="th" ref-id="glissando-2"><span class="eh" ref-id="glissando-2">glissando</span> <span class="th" ref-id="unit-1-1-1-2">from <span class="cupph" ref-id="unit-1-1-1-2"><span class="cuph" ref-id="unit-1-1-1-2">note 2</span></span> </span><span class="th" ref-id="unit-1-1-1-3">to <span class="cupph" ref-id="unit-1-1-1-3"><span class="cuph" ref-id="unit-1-1-1-3">note 3</span></span></span></span>