<span class="th" ref-id="note-1-1-1-1-1"><span class="cuph" ref-id="note-1-1-1-1-1">a</span> is grace
</span><span class="th" ref-id="note-1-1-1-2-1"><span class="cuph" ref-id="note-1-1-1-2-1">a</span> is grace
</span><span class="th" ref-id="note-1-1-1-3-1"><span class="cuph" ref-id="note-1-1-1-3-1">a</span>
</span><span class="th" ref-id="stave-lines-1-2"><span class="csph" ref-id="stave-lines-1-2">stave</span>
</span><span class="th" ref-id="note-1-2-1-1-1"><span class="cuph" ref-id="note-1-2-1-1-1">c</span> is grace
</span><span class="th" ref-id="note-1-2-1-2-1"><span class="cuph" ref-id="note-1-2-1-2-1">c</span></span>