<span class="th" ref-id="measure-1"><span class="cmph" ref-id="measure-1">measure</span>
</span><span class="th" ref-id="note-1-1-1-1-1"><span class="cuph" ref-id="note-1-1-1-1-1">1/4 c</span> </span><span class="th" ref-id="note-1-1-1-2-1"><span class="cuph" ref-id="note-1-1-1-2-1">d</span> </span><span class="th" ref-id="note-1-1-1-3-1"><span class="cuph" ref-id="note-1-1-1-3-1">e</span> </span><span class="th" ref-id="note-1-1-1-4-1"><span class="cuph" ref-id="note-1-1-1-4-1">f</span>
</span><span class="th" ref-id="measure-2"><span class="cmph" ref-id="measure-2">measure</span>
<span class="th" ref-id="closing-barline-2">ends with <span class="eh" ref-id="closing-barline-2">double bold barline</span>
</span></span><span class="th" ref-id="repetition-note-2"><span class="eh" ref-id="repetition-note-2">repetition note</span> <span class="sth" ref-id="repetition-note-2">"Fine"</span> <span class="th" ref-id="repetition-note-2">at the end of the <span class="cmph" ref-id="measure-2">measure</span>
</span></span><span class="th" ref-id="note-2-1-1-1-1"><span class="cuph" ref-id="note-2-1-1-1-1">1/8 c</span> </span><span class="th" ref-id="note-2-1-1-2-1"><span class="cuph" ref-id="note-2-1-1-2-1">d</span> </span><span class="th" ref-id="note-2-1-1-3-1"><span class="cuph" ref-id="note-2-1-1-3-1">e</span> </span><span class="th" ref-id="note-2-1-1-4-1"><span class="cuph" ref-id="note-2-1-1-4-1">f</span>
</span><span class="th" ref-id="measure-3"><span class="cmph" ref-id="measure-3">measure</span>
</span><span class="th" ref-id="note-3-1-1-1-1"><span class="cuph" ref-id="note-3-1-1-1-1">1/16 c</span> </span><span class="th" ref-id="note-3-1-1-2-1"><span class="cuph" ref-id="note-3-1-1-2-1">d</span> </span><span class="th" ref-id="note-3-1-1-3-1"><span class="cuph" ref-id="note-3-1-1-3-1">e</span> </span><span class="th" ref-id="note-3-1-1-4-1"><span class="cuph" ref-id="note-3-1-1-4-1">f</span>
</span><span class="th" ref-id="measure-4"><span class="cmph" ref-id="measure-4">measure</span> 
</span><span class="th" ref-id="repetition-note-4"><span class="eh" ref-id="repetition-note-4">repetition instruction</span> is <span class="sth" ref-id="repetition-note-4">"D.C. al Fine"</span> <span class="th" ref-id="repetition-note-4">at the end of the <span class="cmph" ref-id="measure-4">measure</span>
</span></span><span class="th" ref-id="note-4-1-1-1-1"><span class="cuph" ref-id="note-4-1-1-1-1">1/32 c</span> </span><span class="th" ref-id="note-4-1-1-2-1"><span class="cuph" ref-id="note-4-1-1-2-1">d</span> </span><span class="th" ref-id="note-4-1-1-3-1"><span class="cuph" ref-id="note-4-1-1-3-1">e</span> </span><span class="th" ref-id="note-4-1-1-4-1"><span class="cuph" ref-id="note-4-1-1-4-1">f</span></span>