<span class="th" ref-id="stave-lines-1-1"><span class="csph" ref-id="stave-lines-1-1">stave</span> <span class="th" ref-id="clef-1-1">with <span class="eh" ref-id="clef-1-1">treble clef</span>
</span></span><span class="th" ref-id="voice-1-1-1"><span class="cvph" ref-id="voice-1-1-1">voice</span>
</span><span class="th" ref-id="note-1-1-1-1-1"><span class="cuph" ref-id="note-1-1-1-1-1">a5</span> <span class="th" ref-id="simile-mark-1"><span class="eh" ref-id="simile-mark-1">repeat</span> <span class="th" ref-id="simile-mark-1">3 times </span><span class="th" ref-id="simile-mark-1"><span class="th" ref-id="simile-mark-1">2 up</span>
</span></span></span><span class="th" ref-id="note-1-1-1-5-1"><span class="cuph" ref-id="note-1-1-1-5-1">b5</span> <span class="th" ref-id="simile-mark-2"><span class="eh" ref-id="simile-mark-2">repeat</span> <span class="th" ref-id="simile-mark-2">4 times </span><span class="th" ref-id="simile-mark-2"><span class="th" ref-id="simile-mark-2">2 up</span>
</span></span></span><span class="th" ref-id="voice-1-1-2"><span class="cvph" ref-id="voice-1-1-2">voice</span>
</span><span class="th" ref-id="note-1-1-2-1-1"><span class="cuph" ref-id="note-1-1-2-1-1">c</span> <span class="th" ref-id="simile-mark-3"><span class="eh" ref-id="simile-mark-3">repeat</span> <span class="th" ref-id="simile-mark-3">3 times </span><span class="th" ref-id="simile-mark-3"><span class="th" ref-id="simile-mark-3">2 down</span>
</span></span></span><span class="th" ref-id="note-1-1-2-5-1"><span class="cuph" ref-id="note-1-1-2-5-1">d</span> <span class="th" ref-id="simile-mark-4"><span class="eh" ref-id="simile-mark-4">repeat</span> <span class="th" ref-id="simile-mark-4">4 times </span><span class="th" ref-id="simile-mark-4"><span class="th" ref-id="simile-mark-4">2 down</span>
</span></span></span><span class="th" ref-id="stave-lines-1-2"><span class="csph" ref-id="stave-lines-1-2">stave</span> <span class="th" ref-id="clef-1-2">with <span class="eh" ref-id="clef-1-2">bass clef</span>
</span></span><span class="th" ref-id="voice-1-2-1"><span class="cvph" ref-id="voice-1-2-1">voice</span>
</span><span class="th" ref-id="note-1-2-1-1-1"><span class="cuph" ref-id="note-1-2-1-1-1">a3</span> <span class="th" ref-id="simile-mark-5"><span class="eh" ref-id="simile-mark-5">repeat</span> <span class="th" ref-id="simile-mark-5">3 times </span><span class="th" ref-id="simile-mark-5"><span class="th" ref-id="simile-mark-5">2 up</span>
</span></span></span><span class="th" ref-id="note-1-2-1-5-1"><span class="cuph" ref-id="note-1-2-1-5-1">b3</span> <span class="th" ref-id="simile-mark-6"><span class="eh" ref-id="simile-mark-6">repeat</span> <span class="th" ref-id="simile-mark-6">4 times </span><span class="th" ref-id="simile-mark-6"><span class="th" ref-id="simile-mark-6">2 up</span>
</span></span></span><span class="th" ref-id="voice-1-2-2"><span class="cvph" ref-id="voice-1-2-2">voice</span>
</span><span class="th" ref-id="note-1-2-2-1-1"><span class="cuph" ref-id="note-1-2-2-1-1">c</span> <span class="th" ref-id="simile-mark-7"><span class="eh" ref-id="simile-mark-7">repeat</span> <span class="th" ref-id="simile-mark-7">3 times </span><span class="th" ref-id="simile-mark-7"><span class="th" ref-id="simile-mark-7">2 down</span>
</span></span></span><span class="th" ref-id="note-1-2-2-5-1"><span class="cuph" ref-id="note-1-2-2-5-1">d</span> <span class="th" ref-id="simile-mark-8"><span class="eh" ref-id="simile-mark-8">repeat</span> <span class="th" ref-id="simile-mark-8">4 times </span><span class="th" ref-id="simile-mark-8"><span class="th" ref-id="simile-mark-8">2 down</span></span></span></span>