<span class="sh">music font </span>is <span class="svh">leland
</span><span class="th" ref-id="voice-1-1-1">
<span class="cvph" ref-id="voice-1-1-1">voice</span>
</span><span class="th" ref-id="unit-1-1-1-1"><span class="cuph" ref-id="unit-1-1-1-1">chord</span> <span class="th" ref-id="arpeggiated-wave-1-1-1-1">is <span class="eh" ref-id="arpeggiated-wave-1-1-1-1">arpeggiated</span> <span class="th" ref-id="unit-arpeggiated-below-1-1-1-1">with <span class="cuph" ref-id="unit-arpeggiated-below-1-1-1-1">chord</span> below
</span></span></span><span class="th" ref-id="note-1-1-1-1-1"><span class="cuph" ref-id="note-1-1-1-1-1">a</span> </span><span class="th" ref-id="note-1-1-1-1-2"><span class="cuph" ref-id="note-1-1-1-1-2">c5</span> </span><span class="th" ref-id="note-1-1-1-1-3"><span class="cuph" ref-id="note-1-1-1-1-3">e5</span>
</span><span class="th" ref-id="voice-1-1-2"><span class="cvph" ref-id="voice-1-1-2">voice</span>
</span><span class="th" ref-id="unit-1-1-2-1"><span class="cuph" ref-id="unit-1-1-2-1">chord</span> <span class="th" ref-id="arpeggiated-wave-1-1-2-1">is <span class="eh" ref-id="arpeggiated-wave-1-1-2-1">arpeggiated</span>
</span></span><span class="th" ref-id="note-1-1-2-1-1"><span class="cuph" ref-id="note-1-1-2-1-1">g3</span> </span><span class="th" ref-id="note-1-1-2-1-2"><span class="cuph" ref-id="note-1-1-2-1-2">b3</span> </span><span class="th" ref-id="note-1-1-2-1-3"><span class="cuph" ref-id="note-1-1-2-1-3">d</span></span>