<span class="sh">music font </span>is <span class="svh">leland
</span><span class="th" ref-id="measure-1">
<span class="cmph" ref-id="measure-1">measure</span>
</span><span class="th" ref-id="note-1-1-1-1-1"><span class="cuph" ref-id="note-1-1-1-1-1">a</span> </span><span class="th" ref-id="note-1-1-1-2-1"><span class="cuph" ref-id="note-1-1-1-2-1">c</span> </span><span class="th" ref-id="note-1-1-1-3-1"><span class="cuph" ref-id="note-1-1-1-3-1">d</span> </span><span class="th" ref-id="note-1-1-1-4-1"><span class="cuph" ref-id="note-1-1-1-4-1">e</span> </span><span class="th" ref-id="note-1-1-1-5-1"><span class="cuph" ref-id="note-1-1-1-5-1">f</span>
</span><span class="th" ref-id="measure-2"><span class="cmph" ref-id="measure-2">measure</span>
</span><span class="th" ref-id="note-2-1-1-1-1"><span class="cuph" ref-id="note-2-1-1-1-1">a</span> </span><span class="th" ref-id="note-2-1-1-2-1"><span class="cuph" ref-id="note-2-1-1-2-1">c</span> </span><span class="th" ref-id="note-2-1-1-3-1"><span class="cuph" ref-id="note-2-1-1-3-1">d</span> </span><span class="th" ref-id="note-2-1-1-4-1"><span class="cuph" ref-id="note-2-1-1-4-1">e</span> </span><span class="th" ref-id="note-2-1-1-5-1"><span class="cuph" ref-id="note-2-1-1-5-1">f</span>
</span><span class="th" ref-id="crescendo-or-diminuendo-1">
<span class="eh" ref-id="crescendo-or-diminuendo-1">crescendo</span> <span class="th" ref-id="crescendo-or-diminuendo-1"><span class="th" ref-id="crescendo-or-diminuendo-1">1 up</span> </span><span class="th" ref-id="all-staves-in-measure-2">above <span class="csph" ref-id="all-staves-in-measure-2">stave</span> </span><span class="cmpph" ref-id="measure-1-1">in <span class="cmph" ref-id="measure-1-1">first measure</span></span>
<span class="th" ref-id="crescendo-or-diminuendo-value-before-1">starts with <span class="sth" ref-id="crescendo-or-diminuendo-value-before-1">"p"</span> </span><span class="cupph" ref-id="unit-1-1-1-1">at <span class="cuph" ref-id="unit-1-1-1-1">1st unit</span></span>
</span><span class="th" ref-id="crescendo-or-diminuendo-value-after-1">finishes with <span class="sth" ref-id="crescendo-or-diminuendo-value-after-1">"f"</span> <span class="cupph" ref-id="unit-1-1-1-5">at <span class="cuph" ref-id="unit-1-1-1-5">5th unit</span></span>
</span></span><span class="th" ref-id="crescendo-or-diminuendo-2">
<span class="eh" ref-id="crescendo-or-diminuendo-2">diminuendo</span> <span class="th" ref-id="crescendo-or-diminuendo-2"><span class="th" ref-id="crescendo-or-diminuendo-2">1 down</span> </span><span class="th" ref-id="all-staves-in-measure-2">below <span class="csph" ref-id="all-staves-in-measure-2">stave</span> </span><span class="cmpph" ref-id="measure-1-2">in <span class="cmph" ref-id="measure-1-2">second measure</span></span>
<span class="th" ref-id="crescendo-or-diminuendo-value-before-2">starts with <span class="sth" ref-id="crescendo-or-diminuendo-value-before-2">"f"</span> </span><span class="cupph" ref-id="unit-2-1-1-1">at <span class="cuph" ref-id="unit-2-1-1-1">1st unit</span></span>
</span><span class="th" ref-id="crescendo-or-diminuendo-value-after-2">finishes with <span class="sth" ref-id="crescendo-or-diminuendo-value-after-2">"p"</span> <span class="cupph" ref-id="unit-2-1-1-5">at <span class="cuph" ref-id="unit-2-1-1-5">5th unit</span></span>
</span></span><span class="ch">
comment: </span><span class="ch">"
</span><span class="ch">  Here </span><span class="ch">we </span><span class="ch">moved </span><span class="ch">crescendo </span><span class="ch">on </span><span class="ch">one </span><span class="ch">interval </span><span class="ch">between </span><span class="ch">stave </span><span class="ch">lines </span><span class="ch">up;
</span><span class="ch">  and </span><span class="ch">we </span><span class="ch">moved </span><span class="ch">diminuendo </span><span class="ch">on </span><span class="ch">one </span><span class="ch">interval </span><span class="ch">between </span><span class="ch">stave </span><span class="ch">lines
</span><span class="ch">  down;
</span><span class="ch">"</span>