<span class="sh">music font </span>is <span class="svh">leland
</span><span class="th" ref-id="note-1-1-1-1-1">
<span class="cuph" ref-id="note-1-1-1-1-1">4 a</span> is grace
</span><span class="th" ref-id="note-1-1-1-2-1"><span class="cuph" ref-id="note-1-1-1-2-1">2 a</span> is grace
</span><span class="th" ref-id="note-1-1-1-3-1"><span class="cuph" ref-id="note-1-1-1-3-1">1 a</span> is grace
</span><span class="th" ref-id="note-1-1-1-4-1"><span class="cuph" ref-id="note-1-1-1-4-1">1/2 a</span> is grace
</span><span class="th" ref-id="note-1-1-1-5-1"><span class="cuph" ref-id="note-1-1-1-5-1">1/4 a</span> is grace
</span><span class="th" ref-id="note-1-1-1-6-1"><span class="cuph" ref-id="note-1-1-1-6-1">1/8 a</span> is grace
</span><span class="th" ref-id="note-1-1-1-7-1"><span class="cuph" ref-id="note-1-1-1-7-1">1/16 a</span> is grace
</span><span class="th" ref-id="note-1-1-1-8-1"><span class="cuph" ref-id="note-1-1-1-8-1">1/32 a</span> is grace
</span><span class="th" ref-id="note-1-1-1-9-1"><span class="cuph" ref-id="note-1-1-1-9-1">1/64 a</span> is grace
</span><span class="th" ref-id="note-1-1-1-10-1"><span class="cuph" ref-id="note-1-1-1-10-1">1/128 a</span> is grace
</span><span class="th" ref-id="note-1-1-1-11-1"><span class="cuph" ref-id="note-1-1-1-11-1">1/256 a</span> is grace</span>