<span class="sh">music font </span>is <span class="svh">leland
</span><span class="sh">
page height </span>is <span class="svh">1400</span>