<span class="sh">music font </span>is <span class="svh">leland
</span><span class="th" ref-id="unit-1-1-1-1">
<span class="cuph" ref-id="unit-1-1-1-1">chord</span>
</span><span class="th" ref-id="note-1-1-1-1-1"><span class="cuph" ref-id="note-1-1-1-1-1">c</span>, </span><span class="th" ref-id="note-1-1-1-1-2"><span class="cuph" ref-id="note-1-1-1-1-2">e</span> <span class="th" ref-id="note-key-1-1-1-1-1">with <span class="eh" ref-id="note-key-1-1-1-1-1">flat key</span> </span><span class="th" ref-id="note-key-parentheses-1-1-1-1-1">with <span class="eh" ref-id="note-key-parentheses-1-1-1-1-1">parentheses</span>, </span></span><span class="th" ref-id="note-1-1-1-1-3"><span class="cuph" ref-id="note-1-1-1-1-3">g</span></span>