<span class="sh">music font </span>is <span class="svh">leland
</span><span class="th" ref-id="measure-1">
<span class="cmph" ref-id="measure-1">measure</span>
</span><span class="th" ref-id="sign-1"><span class="eh" ref-id="sign-1">sign</span> <span class="th" ref-id="sign-1">at the start of the <span class="cmph" ref-id="measure-1">measure</span>
</span></span><span class="th" ref-id="note-1-1-1-1-1"><span class="cuph" ref-id="note-1-1-1-1-1">a</span> </span><span class="th" ref-id="note-1-1-1-2-1"><span class="cuph" ref-id="note-1-1-1-2-1">b</span> </span><span class="th" ref-id="note-1-1-1-3-1"><span class="cuph" ref-id="note-1-1-1-3-1">d</span> </span><span class="th" ref-id="note-1-1-1-4-1"><span class="cuph" ref-id="note-1-1-1-4-1">e</span>
</span><span class="th" ref-id="measure-2"><span class="cmph" ref-id="measure-2">measure</span>
</span><span class="th" ref-id="sign-2"><span class="eh" ref-id="sign-2">sign</span> <span class="th" ref-id="sign-2">at the end of the <span class="cmph" ref-id="measure-2">measure</span>
</span></span><span class="th" ref-id="note-2-1-1-1-1"><span class="cuph" ref-id="note-2-1-1-1-1">a</span> </span><span class="th" ref-id="note-2-1-1-2-1"><span class="cuph" ref-id="note-2-1-1-2-1">b</span> </span><span class="th" ref-id="note-2-1-1-3-1"><span class="cuph" ref-id="note-2-1-1-3-1">d</span> </span><span class="th" ref-id="note-2-1-1-4-1"><span class="cuph" ref-id="note-2-1-1-4-1">e</span>
</span><span class="th" ref-id="measure-3"><span class="cmph" ref-id="measure-3">measure</span>