{"0":[],"1":[],"2":[],"3":[],"4":[],"5":[],"6":[],"7":[],"8":[],"9":[],"10":["music font style name"],"11":["music font style name"],"12":["music font style name"],"13":["music font style name","music font style name is"],"14":["music font style name","music font style name is"],"15":["music font style name","music font style name is"],"16":["music font style name","music font style name is"],"17":["music font style name","music font style name is"],"18":["music font style name","music font style name is"],"19":["music font style name","music font style name is"],"20":["music font style name","music font style value"],"21":["empty line in general"],"22":["empty line in general"],"23":["empty line in general"],"24":["empty line in general"],"25":["empty line in general"],"26":["empty line in general"],"27":["empty line in general"],"28":["empty line in general"],"29":["empty line in general"],"30":["empty line in general"],"31":["empty line in general"],"32":["chord"],"33":["chord"],"34":["chord"],"35":["chord"],"36":["chord"],"37":["chord"],"38":["chord"],"39":["chord","chord beamed"],"40":["chord","chord beamed"],"41":["chord","chord beamed"],"42":["chord","chord beamed"],"43":["chord","chord beamed"],"44":["chord","chord beamed"],"45":["chord","chord beamed"],"46":["chord","chord beamed"],"47":["chord","chord beamed"],"48":["chord","chord beamed"],"49":["chord","chord beamed","chord beamed with next"],"50":["chord","chord beamed","chord beamed with next"],"51":["note"],"52":["note"],"53":["note"],"54":["note"],"55":["note"],"56":["note"],"57":["note"],"58":["note"],"59":["note"],"60":["note"],"61":["chord"],"62":["chord"],"63":["note"],"64":["note"],"65":["note"],"66":["note"],"67":["note"],"68":["note"],"69":["note"],"70":["note"],"71":["note"],"72":["note"],"73":["chord"],"74":["chord"],"75":["note"],"76":["note"],"77":["note"],"78":["note"],"79":["note"],"80":["note"]}