{"0":[],"1":[],"2":[],"3":[],"4":[],"5":[],"6":[],"7":[],"8":[],"9":[],"10":["music font style name"],"11":["music font style name"],"12":["music font style name"],"13":["music font style name","music font style name is"],"14":["music font style name","music font style name is"],"15":["music font style name","music font style name is"],"16":["music font style name","music font style name is"],"17":["music font style name","music font style name is"],"18":["music font style name","music font style name is"],"19":["music font style name","music font style name is"],"20":["music font style name","music font style value"],"21":["empty line in general"],"22":["empty line in general"],"23":["empty line in general"],"24":["empty line in general"],"25":["empty line in general"],"26":["empty line in general"],"27":["empty line in general"],"28":["empty line in general"],"29":["measure"],"30":["measure"],"31":["measure"],"32":["measure"],"33":["measure"],"34":["coda"],"35":["coda"],"36":["coda"],"37":["coda"],"38":["coda"],"39":["coda"],"40":["coda"],"41":["coda"],"42":["coda"],"43":["coda"],"44":["coda"],"45":["coda"],"46":["coda"],"47":["coda"],"48":["coda"],"49":["coda"],"50":["coda"],"51":["coda"],"52":["coda"],"53":["coda"],"54":["coda"],"55":["coda"],"56":["coda"],"57":["coda"],"58":["coda"],"59":["coda"],"60":["coda"],"61":["coda"],"62":["coda"],"63":["coda"],"64":["coda"],"65":["coda"],"66":["coda"],"67":["coda"],"68":["coda"],"69":["coda"],"70":["measure"],"71":["measure"],"72":["measure"],"73":["measure"],"74":["measure"],"75":["coda"],"76":["coda"],"77":["coda"],"78":["coda"],"79":["coda"],"80":["coda"],"81":["coda"],"82":["coda"],"83":["coda"],"84":["coda"],"85":["coda"],"86":["coda"],"87":["coda"],"88":["coda"],"89":["coda"],"90":["coda"],"91":["coda"],"92":["coda"],"93":["coda"],"94":["coda"],"95":["coda"],"96":["coda"],"97":["coda"],"98":["coda"],"99":["coda"],"100":["coda"],"101":["coda"],"102":["coda"],"103":["coda"],"104":["coda"],"105":["coda"],"106":["coda"],"107":["coda"],"108":["measure"]}