{"0":[],"1":[],"2":[],"3":[],"4":[],"5":[],"6":[],"7":[],"8":[],"9":[],"10":["music font style name"],"11":["music font style name"],"12":["music font style name"],"13":["music font style name","music font style name is"],"14":["music font style name","music font style name is"],"15":["music font style name","music font style name is"],"16":["music font style name","music font style name is"],"17":["music font style name","music font style name is"],"18":["music font style name","music font style name is"],"19":["music font style name","music font style name is"],"20":["music font style name","music font style value"],"21":["empty line in general"],"22":["empty line in general"],"23":["empty line in general"],"24":["empty line in general"],"25":["empty line in general"],"26":["empty line in general"],"27":["stave"],"28":["stave"],"29":["stave"],"30":["stave"],"31":["stave"],"32":["stave"],"33":["stave"],"34":["stave"],"35":["stave"],"36":["stave"],"37":["stave"],"38":["stave"],"39":["stave"],"40":["stave"],"41":["stave"],"42":["stave"],"43":["stave"],"44":["stave","stave with clef"],"45":["stave","stave with clef"],"46":["stave","stave with clef"],"47":["stave","stave with clef"],"48":["stave","stave with clef"],"49":["stave","stave with clef"],"50":["chord"],"51":["chord"],"52":["note"],"53":["note"],"54":["note"],"55":["note"],"56":["note"],"57":["note"],"58":["note"],"59":["note"],"60":["note"],"61":["note"],"62":["note"],"63":["note"],"64":["note"],"65":["note"],"66":["note"],"67":["note"],"68":["note"],"69":["note","note stave position"],"70":["note","note stave position"],"71":["note"],"72":["note"],"73":["note"],"74":["note"],"75":["note"],"76":["note"],"77":["note"],"78":["note"],"79":["note"],"80":["note"],"81":["note"],"82":["note"],"83":["note"],"84":["note"],"85":["note","note stave position"],"86":["note","note stave position"],"87":["note","note stave position"],"88":["note","note stave position"],"89":["note","note stave position"],"90":["note","note stave position"],"91":["chord"],"92":["chord"],"93":["note"],"94":["note"],"95":["note"],"96":["note"],"97":["note"],"98":["note"],"99":["note"],"100":["note"],"101":["note"],"102":["note"],"103":["note"],"104":["note"],"105":["note"],"106":["note"],"107":["note"],"108":["note"],"109":["note"],"110":["note","note stave position"],"111":["note","note stave position"],"112":["note"],"113":["note"],"114":["note"],"115":["note"],"116":["note"],"117":["note"],"118":["note"],"119":["note"],"120":["note"],"121":["note"],"122":["note"],"123":["note"],"124":["note"],"125":["note"],"126":["note","note stave position"],"127":["note","note stave position"],"128":["note","note stave position"],"129":["note","note stave position"],"130":["note","note stave position"],"131":["note","note stave position"],"132":["stave"],"133":["stave"],"134":["stave"],"135":["stave"],"136":["stave"],"137":["stave"],"138":["stave"],"139":["stave"],"140":["stave"],"141":["stave"],"142":["stave"],"143":["stave"],"144":["stave"],"145":["stave"],"146":["stave"],"147":["stave","stave with clef"],"148":["stave","stave with clef"],"149":["stave","stave with clef"],"150":["stave","stave with clef"],"151":["stave","stave with clef"],"152":["stave","stave with clef"],"153":["chord"],"154":["chord"],"155":["chord"],"156":["chord"],"157":["chord"],"158":["chord"],"159":["chord"],"160":["chord"],"161":["chord"],"162":["chord"],"163":["chord"],"164":["chord"],"165":["chord"],"166":["chord"],"167":["chord"],"168":["chord","chord stem direction"],"169":["chord","chord stem direction"],"170":["note"],"171":["note"],"172":["note"],"173":["note"],"174":["note"],"175":["note"],"176":["note"],"177":["note"],"178":["note"],"179":["note"],"180":["chord"],"181":["chord"],"182":["note"],"183":["note"],"184":["note"],"185":["note"]}