{"0":[],"1":[],"2":[],"3":[],"4":[],"5":[],"6":[],"7":[],"8":[],"9":[],"10":["music font style name"],"11":["music font style name"],"12":["music font style name"],"13":["music font style name","music font style name is"],"14":["music font style name","music font style name is"],"15":["music font style name","music font style name is"],"16":["music font style name","music font style name is"],"17":["music font style name","music font style name is"],"18":["music font style name","music font style name is"],"19":["music font style name","music font style name is"],"20":["music font style name","music font style value"],"21":["empty line in general"],"22":["empty line in general"],"23":["empty line in general"],"24":["empty line in general"],"25":["empty line in general"],"26":["empty line in general"],"27":["chord"],"28":["chord"],"29":["chord"],"30":["chord"],"31":["chord"],"32":["chord"],"33":["chord"],"34":["chord"],"35":["chord"],"36":["chord"],"37":["chord"],"38":["chord"],"39":["chord"],"40":["chord"],"41":["chord"],"42":["chord","chord stem direction"],"43":["chord","chord stem direction"],"44":["chord","chord stem direction"],"45":["chord","chord stem direction"],"46":["chord","chord stem direction"],"47":["chord","chord stem direction"],"48":["chord","chord stem direction"],"49":["chord","chord stem direction"],"50":["chord","chord stem direction"],"51":["chord","chord stem direction"],"52":["chord","chord stem direction"],"53":["chord","chord stem direction"],"54":["chord","chord stem direction"],"55":["chord","chord stem direction"],"56":["chord","chord with number of dots"],"57":["chord","chord with number of dots"],"58":["chord","chord with number of dots"],"59":["note"],"60":["note"],"61":["note"],"62":["note"],"63":["note"],"64":["note"],"65":["note"],"66":["empty line after note"],"67":["empty line after note"],"68":["empty line after note"],"69":["empty line after note"],"70":["empty line after note"],"71":["empty line after note"],"72":["chord"],"73":["chord"],"74":["chord"],"75":["chord"],"76":["chord"],"77":["chord"],"78":["chord"],"79":["chord"],"80":["chord"],"81":["chord"],"82":["chord"],"83":["chord"],"84":["chord"],"85":["chord","chord stem direction"],"86":["chord","chord stem direction"],"87":["chord","chord stem direction"],"88":["chord","chord stem direction"],"89":["chord","chord stem direction"],"90":["chord","chord stem direction"],"91":["chord","chord stem direction"],"92":["chord","chord stem direction"],"93":["chord","chord stem direction"],"94":["chord","chord stem direction"],"95":["chord","chord stem direction"],"96":["chord","chord stem direction"],"97":["chord","chord stem direction"],"98":["chord","chord stem direction"],"99":["chord","chord with number of dots"],"100":["chord","chord with number of dots"],"101":["chord","chord with number of dots"],"102":["note"],"103":["note"],"104":["note"],"105":["note"],"106":["note"],"107":["note"],"108":["note"],"109":["empty line after note"],"110":["empty line after note"],"111":["empty line after note"],"112":["empty line after note"],"113":["empty line after note"],"114":["empty line after note"],"115":["chord"],"116":["chord"],"117":["chord"],"118":["chord"],"119":["chord"],"120":["chord"],"121":["chord"],"122":["chord"],"123":["chord"],"124":["chord"],"125":["chord"],"126":["chord"],"127":["chord"],"128":["chord"],"129":["chord"],"130":["chord","chord stem direction"],"131":["chord","chord stem direction"],"132":["chord","chord stem direction"],"133":["chord","chord stem direction"],"134":["chord","chord stem direction"],"135":["chord","chord stem direction"],"136":["chord","chord stem direction"],"137":["chord","chord stem direction"],"138":["chord","chord stem direction"],"139":["chord","chord stem direction"],"140":["chord","chord stem direction"],"141":["chord","chord stem direction"],"142":["chord","chord stem direction"],"143":["chord","chord stem direction"],"144":["chord","chord with number of dots"],"145":["chord","chord with number of dots"],"146":["chord","chord with number of dots"],"147":["note"],"148":["note"],"149":["note"],"150":["note"],"151":["note"],"152":["note"],"153":["empty line after note"],"154":["empty line after note"],"155":["empty line after note"],"156":["empty line after note"],"157":["empty line after note"],"158":["empty line after note"],"159":["chord"],"160":["chord"],"161":["chord"],"162":["chord"],"163":["chord"],"164":["chord"],"165":["chord"],"166":["chord"],"167":["chord"],"168":["chord"],"169":["chord"],"170":["chord"],"171":["chord"],"172":["chord","chord stem direction"],"173":["chord","chord stem direction"],"174":["chord","chord stem direction"],"175":["chord","chord stem direction"],"176":["chord","chord stem direction"],"177":["chord","chord stem direction"],"178":["chord","chord stem direction"],"179":["chord","chord stem direction"],"180":["chord","chord stem direction"],"181":["chord","chord stem direction"],"182":["chord","chord stem direction"],"183":["chord","chord stem direction"],"184":["chord","chord stem direction"],"185":["chord","chord stem direction"],"186":["chord","chord with number of dots"],"187":["chord","chord with number of dots"],"188":["chord","chord with number of dots"],"189":["note"],"190":["note"],"191":["note"],"192":["note"],"193":["note"],"194":["note"],"195":["empty line after note"]}