{"0":[],"1":[],"2":[],"3":[],"4":[],"5":[],"6":[],"7":[],"8":[],"9":[],"10":["music font style name"],"11":["music font style name"],"12":["music font style name"],"13":["music font style name","music font style name is"],"14":["music font style name","music font style name is"],"15":["music font style name","music font style name is"],"16":["music font style name","music font style name is"],"17":["music font style name","music font style name is"],"18":["music font style name","music font style name is"],"19":["music font style name","music font style name is"],"20":["music font style name","music font style value"],"21":["empty line in general"],"22":["empty line in general"],"23":["empty line in general"],"24":["empty line in general"],"25":["empty line in general"],"26":["empty line in general"],"27":["empty line in general"],"28":["empty line in general"],"29":["empty line in general"],"30":["empty line in general"],"31":["empty line in general"],"32":["color style name"],"33":["color style name"],"34":["color style name"],"35":["color style name","color style name is"],"36":["color style name","color style name is"],"37":["color style name","color style name is"],"38":["color style name","color style name is"],"39":["color style name","color style name is"],"40":["color style name","color style name is"],"41":["color style name","color style name is"],"42":["color style name","color style name is"],"43":["color style name","color style value"],"44":["color style name","color style value"],"45":["color style name","color style value"],"46":["color style name","color style value"],"47":["color style name","color style value"],"48":["color style name","color style value"],"49":["color style name","color style value"],"50":["color style name","color style value"],"51":["color style name","color style value"],"52":["color style name","color style value"],"53":["color style name","color style value"],"54":["color style name","color style value"],"55":["color style name","color style value"],"56":["color style name","color style value"],"57":["color style name","color style value"],"58":["color style name","color style value"],"59":["color style name","color style value"],"60":["color style name","color style value"],"61":["color style name"],"62":["color style name"],"63":["color style name"],"64":["color style name","color style name is"],"65":["color style name","color style name is"],"66":["color style name","color style name is"],"67":["color style name","color style name is"],"68":["color style name","color style name is"],"69":["color style name","color style name is"],"70":["color style name","color style name is"],"71":["color style name","color style name is"],"72":["color style name","color style value"],"73":["empty line in general"],"74":["empty line in general"],"75":["note"],"76":["note"],"77":["note"],"78":["note"],"79":["note"],"80":["note"],"81":["note"],"82":["note"],"83":["note"],"84":["note"],"85":["note"],"86":["note"]}