{"0":[],"1":[],"2":[],"3":[],"4":[],"5":[],"6":[],"7":[],"8":[],"9":[],"10":["music font style name"],"11":["music font style name"],"12":["music font style name"],"13":["music font style name","music font style name is"],"14":["music font style name","music font style name is"],"15":["music font style name","music font style name is"],"16":["music font style name","music font style name is"],"17":["music font style name","music font style name is"],"18":["music font style name","music font style name is"],"19":["music font style name","music font style name is"],"20":["music font style name","music font style value"],"21":["empty line in general"],"22":["empty line in general"],"23":["empty line in general"],"24":["empty line in general"],"25":["empty line in general"],"26":["empty line in general"],"27":["voice"],"28":["voice"],"29":["note"],"30":["note"],"31":["note"],"32":["note"],"33":["note"],"34":["note"],"35":["voice"],"36":["voice"],"37":["note"],"38":["note"],"39":["note"],"40":["note"],"41":["note"],"42":["note"],"43":["voice"],"44":["voice"],"45":["note"],"46":["note"],"47":["note"],"48":["note"],"49":["note"],"50":["note"],"51":["voice"],"52":["note"]}