{"0":[],"1":[],"2":[],"3":[],"4":[],"5":[],"6":[],"7":[],"8":[],"9":[],"10":["music font style name"],"11":["music font style name"],"12":["music font style name"],"13":["music font style name","music font style name is"],"14":["music font style name","music font style name is"],"15":["music font style name","music font style name is"],"16":["music font style name","music font style name is"],"17":["music font style name","music font style name is"],"18":["music font style name","music font style name is"],"19":["music font style name","music font style name is"],"20":["music font style name","music font style value"],"21":["empty line in general"],"22":["empty line in general"],"23":["empty line in general"],"24":["empty line in general"],"25":["new"],"26":["new"],"27":["new"],"28":["new"],"29":["new"],"30":["new","new line"],"31":["new","new line"],"32":["new","new line"],"33":["new","new line"],"34":["new","new line"],"35":["new","new line"],"36":["new","new line"],"37":["new","new line"],"38":["measure"],"39":["measure"],"40":["measure"],"41":["measure"],"42":["measure"],"43":["measure"],"44":["stave"],"45":["stave"],"46":["note"],"47":["note"],"48":["note"],"49":["note"],"50":["note"],"51":["note"],"52":["note"],"53":["note"],"54":["note"],"55":["note"],"56":["note"],"57":["note","note with pedal"],"58":["note","note with pedal"],"59":["note"],"60":["note"],"61":["note"],"62":["note"],"63":["note"],"64":["note"],"65":["note"],"66":["note"],"67":["note"],"68":["note"],"69":["note"],"70":["note"],"71":["note"],"72":["note"],"73":["note"],"74":["note"],"75":["note"],"76":["note","note with release"],"77":["note","note with release"],"78":["note","note with release"],"79":["note","note with release"],"80":["note","note with release"],"81":["note","note with release"],"82":["stave"],"83":["stave"],"84":["note"],"85":["note"],"86":["note"],"87":["note"],"88":["note"],"89":["note"],"90":["note"],"91":["note"],"92":["note"],"93":["note"],"94":["note"],"95":["note"],"96":["note"],"97":["note"],"98":["measure"],"99":["measure"],"100":["measure"],"101":["measure"],"102":["measure"],"103":["measure"],"104":["stave"],"105":["stave"],"106":["stave"],"107":["stave"],"108":["stave"],"109":["stave"]}