{"0":[],"1":[],"2":[],"3":[],"4":[],"5":[],"6":[],"7":[],"8":[],"9":[],"10":["music font style name"],"11":["music font style name"],"12":["music font style name"],"13":["music font style name","music font style name is"],"14":["music font style name","music font style name is"],"15":["music font style name","music font style name is"],"16":["music font style name","music font style name is"],"17":["music font style name","music font style name is"],"18":["music font style name","music font style name is"],"19":["music font style name","music font style name is"],"20":["music font style name","music font style value"],"21":["empty line in general"],"22":["empty line in general"],"23":["empty line in general"],"24":["empty line in general"],"25":["new"],"26":["new"],"27":["new"],"28":["new"],"29":["new"],"30":["new","new line"],"31":["new","new line"],"32":["new","new line"],"33":["new","new line"],"34":["new","new line"],"35":["new","new line"],"36":["new","new line"],"37":["new","new line"],"38":["measure"],"39":["measure"],"40":["measure"],"41":["measure"],"42":["measure"],"43":["measure"],"44":["stave"],"45":["stave"],"46":["note"],"47":["note"],"48":["note"],"49":["note"],"50":["note"],"51":["note"],"52":["note"],"53":["note"],"54":["note"],"55":["note"],"56":["note"],"57":["note"],"58":["stave"],"59":["stave"],"60":["note"],"61":["note"],"62":["note"],"63":["note"],"64":["note"],"65":["note"],"66":["note"],"67":["note"],"68":["note"],"69":["note"],"70":["note"],"71":["note"],"72":["note"],"73":["note"],"74":["measure"],"75":["measure"],"76":["measure"],"77":["measure"],"78":["measure"],"79":["measure"],"80":["stave"],"81":["stave"],"82":["note"],"83":["note"],"84":["note"],"85":["note"],"86":["note"],"87":["note"],"88":["note"],"89":["note"],"90":["note"],"91":["note"],"92":["note"],"93":["note"],"94":["stave"],"95":["stave"],"96":["note"],"97":["note"],"98":["note"],"99":["note"],"100":["note"],"101":["note"],"102":["note"],"103":["empty line after note"],"104":["empty line after note"],"105":["empty line after note"],"106":["empty line after note"],"107":["new"],"108":["new"],"109":["new"],"110":["new"],"111":["new"],"112":["new","new line"],"113":["new","new line"],"114":["new","new line"],"115":["new","new line"],"116":["new","new line"],"117":["new","new line"],"118":["new","new line"],"119":["new","new line"],"120":["measure"],"121":["measure"],"122":["measure"],"123":["measure"],"124":["measure"],"125":["measure"],"126":["stave"],"127":["stave"],"128":["note"],"129":["note"],"130":["note"],"131":["note"],"132":["note"],"133":["note"],"134":["note"],"135":["note"],"136":["note"],"137":["note"],"138":["note"],"139":["note"],"140":["stave"],"141":["stave"],"142":["note"],"143":["note"],"144":["note"],"145":["note"],"146":["note"],"147":["note"],"148":["note"],"149":["note"],"150":["note"],"151":["note"],"152":["note"],"153":["note"],"154":["note"],"155":["note"],"156":["measure"],"157":["measure"],"158":["measure"],"159":["measure"],"160":["measure"],"161":["measure"],"162":["stave"],"163":["stave"],"164":["note"],"165":["note"],"166":["note"],"167":["note"],"168":["note"],"169":["note"],"170":["note"],"171":["note"],"172":["note"],"173":["note"],"174":["note"],"175":["note"],"176":["stave"],"177":["stave"],"178":["note"],"179":["note"],"180":["note"],"181":["note"],"182":["note"],"183":["note"],"184":["note"],"185":["empty line after note"],"186":["empty line after note"],"187":["empty line after note"],"188":["empty line after note"],"189":["empty line after note"],"190":["slur"],"191":["slur"],"192":["slur"],"193":["slur"],"194":["slur"],"195":["slur"],"196":["slur"],"197":["slur"],"198":["slur"],"199":["slur"],"200":["slur"],"201":["slur"],"202":["slur"],"203":["slur"],"204":["slur"],"205":["slur","position of line (slur)"],"206":["slur","position of line (slur)"],"207":["slur","position of line (slur)"],"208":["slur","position of line (slur)"],"209":["slur","position of line (slur)"],"210":["slur","position of line (slur)"],"211":["slur","position of line (slur)"],"212":["slur","position of line (slur)"],"213":["slur","position of line (slur)"],"214":["slur","position of line (slur)"],"215":["slur","position of line (slur)"],"216":["slur","position of line (slur)"],"217":["slur","position of line (slur)"],"218":["slur","position of line (slur)"],"219":["slur","position of line (slur)"],"220":["slur","position of measure (slur)"],"221":["slur","position of measure (slur)"],"222":["slur","position of measure (slur)"],"223":["slur","position of measure (slur)"],"224":["slur","position of measure (slur)"],"225":["slur","position of measure (slur)"],"226":["slur","position of measure (slur)"],"227":["slur","position of measure (slur)"],"228":["slur","position of measure (slur)"],"229":["slur","position of measure (slur)"],"230":["slur","position of measure (slur)"],"231":["slur","position of measure (slur)"],"232":["slur","position of stave (slur)"],"233":["slur","position of stave (slur)"],"234":["slur","position of stave (slur)"],"235":["slur","position of stave (slur)"],"236":["slur","position of stave (slur)"],"237":["slur","slur starts at unit"],"238":["slur","slur starts at unit"],"239":["slur","slur starts at unit"],"240":["slur","slur starts at unit"],"241":["slur","slur starts at unit"],"242":["slur","slur starts at unit"],"243":["slur","slur starts at unit"],"244":["slur","slur starts at unit"],"245":["slur","slur starts at unit"],"246":["slur","slur starts at unit"],"247":["slur","slur starts at unit"],"248":["slur","slur starts at unit","position of unit (slur starts at unit)"],"249":["slur","slur starts at unit","position of unit (slur starts at unit)"],"250":["slur","slur starts at unit","position of unit (slur starts at unit)"],"251":["slur","slur finishes at unit"],"252":["slur","slur finishes at unit"],"253":["slur","slur finishes at unit"],"254":["slur","slur finishes at unit"],"255":["slur","slur finishes at unit"],"256":["slur","slur finishes at unit"],"257":["slur","slur finishes at unit"],"258":["slur","slur finishes at unit"],"259":["slur","slur finishes at unit"],"260":["slur","slur finishes at unit"],"261":["slur","slur finishes at unit"],"262":["slur","slur finishes at unit"],"263":["slur","slur finishes at unit","position of unit (slur finishes at unit)"],"264":["slur","slur finishes at unit","position of unit (slur finishes at unit)"],"265":["slur","slur finishes at unit","position of unit (slur finishes at unit)"],"266":["slur","slur finishes at unit","position of unit (slur finishes at unit)"],"267":["slur","slur finishes at unit","position of unit (slur finishes at unit)"],"268":["slur"],"269":["slur"],"270":["slur"],"271":["slur"],"272":["slur"],"273":["slur"],"274":["slur"],"275":["slur"],"276":["slur"],"277":["slur"],"278":["slur"],"279":["slur"],"280":["slur"],"281":["slur"],"282":["slur"],"283":["slur","position of line (slur)"],"284":["slur","position of line (slur)"],"285":["slur","position of line (slur)"],"286":["slur","position of line (slur)"],"287":["slur","position of line (slur)"],"288":["slur","position of line (slur)"],"289":["slur","position of line (slur)"],"290":["slur","position of line (slur)"],"291":["slur","position of line (slur)"],"292":["slur","position of line (slur)"],"293":["slur","position of line (slur)"],"294":["slur","position of line (slur)"],"295":["slur","position of line (slur)"],"296":["slur","position of line (slur)"],"297":["slur","position of line (slur)"],"298":["slur","position of measure (slur)"],"299":["slur","position of measure (slur)"],"300":["slur","position of measure (slur)"],"301":["slur","position of measure (slur)"],"302":["slur","position of measure (slur)"],"303":["slur","position of measure (slur)"],"304":["slur","position of measure (slur)"],"305":["slur","position of measure (slur)"],"306":["slur","position of measure (slur)"],"307":["slur","position of measure (slur)"],"308":["slur","position of measure (slur)"],"309":["slur","position of measure (slur)"],"310":["slur","position of measure (slur)"],"311":["slur","position of stave (slur)"],"312":["slur","position of stave (slur)"],"313":["slur","position of stave (slur)"],"314":["slur","position of stave (slur)"],"315":["slur","position of stave (slur)"],"316":["slur","slur starts at unit"],"317":["slur","slur starts at unit"],"318":["slur","slur starts at unit"],"319":["slur","slur starts at unit"],"320":["slur","slur starts at unit"],"321":["slur","slur starts at unit"],"322":["slur","slur starts at unit"],"323":["slur","slur starts at unit"],"324":["slur","slur starts at unit"],"325":["slur","slur starts at unit"],"326":["slur","slur starts at unit"],"327":["slur","slur starts at unit","position of unit (slur starts at unit)"],"328":["slur","slur starts at unit","position of unit (slur starts at unit)"],"329":["slur","slur starts at unit","position of unit (slur starts at unit)"],"330":["slur","slur finishes at unit"],"331":["slur","slur finishes at unit"],"332":["slur","slur finishes at unit"],"333":["slur","slur finishes at unit"],"334":["slur","slur finishes at unit"],"335":["slur","slur finishes at unit"],"336":["slur","slur finishes at unit"],"337":["slur","slur finishes at unit"],"338":["slur","slur finishes at unit"],"339":["slur","slur finishes at unit"],"340":["slur","slur finishes at unit"],"341":["slur","slur finishes at unit"],"342":["slur","slur finishes at unit","position of unit (slur finishes at unit)"],"343":["slur","slur finishes at unit","position of unit (slur finishes at unit)"],"344":["slur","slur finishes at unit","position of unit (slur finishes at unit)"],"345":["slur","slur finishes at unit","position of unit (slur finishes at unit)"],"346":["slur","slur finishes at unit","position of unit (slur finishes at unit)"],"347":["slur"],"348":["slur"],"349":["slur"],"350":["slur"],"351":["slur"],"352":["slur"],"353":["slur"],"354":["slur"],"355":["slur"],"356":["slur"],"357":["slur"],"358":["slur"],"359":["slur"],"360":["slur"],"361":["slur"],"362":["slur","position of line (slur)"],"363":["slur","position of line (slur)"],"364":["slur","position of line (slur)"],"365":["slur","position of line (slur)"],"366":["slur","position of line (slur)"],"367":["slur","position of line (slur)"],"368":["slur","position of line (slur)"],"369":["slur","position of line (slur)"],"370":["slur","position of line (slur)"],"371":["slur","position of line (slur)"],"372":["slur","position of line (slur)"],"373":["slur","position of line (slur)"],"374":["slur","position of line (slur)"],"375":["slur","position of line (slur)"],"376":["slur","position of line (slur)"],"377":["slur","position of line (slur)"],"378":["slur","position of measure (slur)"],"379":["slur","position of measure (slur)"],"380":["slur","position of measure (slur)"],"381":["slur","position of measure (slur)"],"382":["slur","position of measure (slur)"],"383":["slur","position of measure (slur)"],"384":["slur","position of measure (slur)"],"385":["slur","position of measure (slur)"],"386":["slur","position of measure (slur)"],"387":["slur","position of measure (slur)"],"388":["slur","position of measure (slur)"],"389":["slur","position of measure (slur)"],"390":["slur","position of stave (slur)"],"391":["slur","position of stave (slur)"],"392":["slur","position of stave (slur)"],"393":["slur","position of stave (slur)"],"394":["slur","position of stave (slur)"],"395":["slur","slur starts at unit"],"396":["slur","slur starts at unit"],"397":["slur","slur starts at unit"],"398":["slur","slur starts at unit"],"399":["slur","slur starts at unit"],"400":["slur","slur starts at unit"],"401":["slur","slur starts at unit"],"402":["slur","slur starts at unit"],"403":["slur","slur starts at unit"],"404":["slur","slur starts at unit"],"405":["slur","slur starts at unit"],"406":["slur","slur starts at unit","position of unit (slur starts at unit)"],"407":["slur","slur starts at unit","position of unit (slur starts at unit)"],"408":["slur","slur starts at unit","position of unit (slur starts at unit)"],"409":["slur","slur finishes at unit"],"410":["slur","slur finishes at unit"],"411":["slur","slur finishes at unit"],"412":["slur","slur finishes at unit"],"413":["slur","slur finishes at unit"],"414":["slur","slur finishes at unit"],"415":["slur","slur finishes at unit"],"416":["slur","slur finishes at unit"],"417":["slur","slur finishes at unit"],"418":["slur","slur finishes at unit"],"419":["slur","slur finishes at unit"],"420":["slur","slur finishes at unit"],"421":["slur","slur finishes at unit","position of unit (slur finishes at unit)"],"422":["slur","slur finishes at unit","position of unit (slur finishes at unit)"],"423":["slur","slur finishes at unit","position of unit (slur finishes at unit)"],"424":["slur","slur finishes at unit","position of unit (slur finishes at unit)"],"425":["slur","slur finishes at unit","position of unit (slur finishes at unit)"],"426":["slur"],"427":["slur"],"428":["slur"],"429":["slur"],"430":["slur"],"431":["slur"],"432":["slur"],"433":["slur"],"434":["slur"],"435":["slur"],"436":["slur"],"437":["slur"],"438":["slur"],"439":["slur"],"440":["slur"],"441":["slur","position of line (slur)"],"442":["slur","position of line (slur)"],"443":["slur","position of line (slur)"],"444":["slur","position of line (slur)"],"445":["slur","position of line (slur)"],"446":["slur","position of line (slur)"],"447":["slur","position of line (slur)"],"448":["slur","position of line (slur)"],"449":["slur","position of line (slur)"],"450":["slur","position of line (slur)"],"451":["slur","position of line (slur)"],"452":["slur","position of line (slur)"],"453":["slur","position of line (slur)"],"454":["slur","position of line (slur)"],"455":["slur","position of line (slur)"],"456":["slur","position of line (slur)"],"457":["slur","position of measure (slur)"],"458":["slur","position of measure (slur)"],"459":["slur","position of measure (slur)"],"460":["slur","position of measure (slur)"],"461":["slur","position of measure (slur)"],"462":["slur","position of measure (slur)"],"463":["slur","position of measure (slur)"],"464":["slur","position of measure (slur)"],"465":["slur","position of measure (slur)"],"466":["slur","position of measure (slur)"],"467":["slur","position of measure (slur)"],"468":["slur","position of measure (slur)"],"469":["slur","position of measure (slur)"],"470":["slur","position of stave (slur)"],"471":["slur","position of stave (slur)"],"472":["slur","position of stave (slur)"],"473":["slur","position of stave (slur)"],"474":["slur","position of stave (slur)"],"475":["slur","slur starts at unit"],"476":["slur","slur starts at unit"],"477":["slur","slur starts at unit"],"478":["slur","slur starts at unit"],"479":["slur","slur starts at unit"],"480":["slur","slur starts at unit"],"481":["slur","slur starts at unit"],"482":["slur","slur starts at unit"],"483":["slur","slur starts at unit"],"484":["slur","slur starts at unit"],"485":["slur","slur starts at unit"],"486":["slur","slur starts at unit","position of unit (slur starts at unit)"],"487":["slur","slur starts at unit","position of unit (slur starts at unit)"],"488":["slur","slur starts at unit","position of unit (slur starts at unit)"],"489":["slur","slur finishes at unit"],"490":["slur","slur finishes at unit"],"491":["slur","slur finishes at unit"],"492":["slur","slur finishes at unit"],"493":["slur","slur finishes at unit"],"494":["slur","slur finishes at unit"],"495":["slur","slur finishes at unit"],"496":["slur","slur finishes at unit"],"497":["slur","slur finishes at unit"],"498":["slur","slur finishes at unit"],"499":["slur","slur finishes at unit"],"500":["slur","slur finishes at unit"],"501":["slur","slur finishes at unit","position of unit (slur finishes at unit)"],"502":["slur","slur finishes at unit","position of unit (slur finishes at unit)"],"503":["slur","slur finishes at unit","position of unit (slur finishes at unit)"],"504":["slur","slur finishes at unit","position of unit (slur finishes at unit)"],"505":["slur","slur finishes at unit","position of unit (slur finishes at unit)"],"506":["slur"],"507":["slur"],"508":["slur"],"509":["slur"],"510":["slur"],"511":["slur"],"512":["slur"],"513":["slur"],"514":["slur"],"515":["slur"],"516":["slur"],"517":["slur"],"518":["slur"],"519":["slur"],"520":["slur"],"521":["slur"],"522":["slur","position of line (slur)"],"523":["slur","position of line (slur)"],"524":["slur","position of line (slur)"],"525":["slur","position of line (slur)"],"526":["slur","position of line (slur)"],"527":["slur","position of line (slur)"],"528":["slur","position of line (slur)"],"529":["slur","position of line (slur)"],"530":["slur","position of line (slur)"],"531":["slur","position of line (slur)"],"532":["slur","position of line (slur)"],"533":["slur","position of line (slur)"],"534":["slur","position of line (slur)"],"535":["slur","position of line (slur)"],"536":["slur","position of line (slur)"],"537":["slur","position of measure (slur)"],"538":["slur","position of measure (slur)"],"539":["slur","position of measure (slur)"],"540":["slur","position of measure (slur)"],"541":["slur","position of measure (slur)"],"542":["slur","position of measure (slur)"],"543":["slur","position of measure (slur)"],"544":["slur","position of measure (slur)"],"545":["slur","position of measure (slur)"],"546":["slur","position of measure (slur)"],"547":["slur","position of measure (slur)"],"548":["slur","position of measure (slur)"],"549":["slur","position of stave (slur)"],"550":["slur","position of stave (slur)"],"551":["slur","position of stave (slur)"],"552":["slur","position of stave (slur)"],"553":["slur","position of stave (slur)"],"554":["slur","slur starts at unit"],"555":["slur","slur starts at unit"],"556":["slur","slur starts at unit"],"557":["slur","slur starts at unit"],"558":["slur","slur starts at unit"],"559":["slur","slur starts at unit"],"560":["slur","slur starts at unit"],"561":["slur","slur starts at unit"],"562":["slur","slur starts at unit"],"563":["slur","slur starts at unit"],"564":["slur","slur starts at unit"],"565":["slur","slur starts at unit","position of unit (slur starts at unit)"],"566":["slur","slur starts at unit","position of unit (slur starts at unit)"],"567":["slur","slur starts at unit","position of unit (slur starts at unit)"],"568":["slur","slur finishes at unit"],"569":["slur","slur finishes at unit"],"570":["slur","slur finishes at unit"],"571":["slur","slur finishes at unit"],"572":["slur","slur finishes at unit"],"573":["slur","slur finishes at unit"],"574":["slur","slur finishes at unit"],"575":["slur","slur finishes at unit"],"576":["slur","slur finishes at unit"],"577":["slur","slur finishes at unit"],"578":["slur","slur finishes at unit"],"579":["slur","slur finishes at unit"],"580":["slur","slur finishes at unit","position of unit (slur finishes at unit)"],"581":["slur","slur finishes at unit","position of unit (slur finishes at unit)"],"582":["slur","slur finishes at unit","position of unit (slur finishes at unit)"],"583":["slur","slur finishes at unit","position of unit (slur finishes at unit)"],"584":["slur","slur finishes at unit","position of unit (slur finishes at unit)"],"585":["slur"],"586":["slur"],"587":["slur"],"588":["slur"],"589":["slur"],"590":["slur"],"591":["slur"],"592":["slur"],"593":["slur"],"594":["slur"],"595":["slur"],"596":["slur"],"597":["slur"],"598":["slur"],"599":["slur"],"600":["slur"],"601":["slur","position of line (slur)"],"602":["slur","position of line (slur)"],"603":["slur","position of line (slur)"],"604":["slur","position of line (slur)"],"605":["slur","position of line (slur)"],"606":["slur","position of line (slur)"],"607":["slur","position of line (slur)"],"608":["slur","position of line (slur)"],"609":["slur","position of line (slur)"],"610":["slur","position of line (slur)"],"611":["slur","position of line (slur)"],"612":["slur","position of line (slur)"],"613":["slur","position of line (slur)"],"614":["slur","position of line (slur)"],"615":["slur","position of line (slur)"],"616":["slur","position of measure (slur)"],"617":["slur","position of measure (slur)"],"618":["slur","position of measure (slur)"],"619":["slur","position of measure (slur)"],"620":["slur","position of measure (slur)"],"621":["slur","position of measure (slur)"],"622":["slur","position of measure (slur)"],"623":["slur","position of measure (slur)"],"624":["slur","position of measure (slur)"],"625":["slur","position of measure (slur)"],"626":["slur","position of measure (slur)"],"627":["slur","position of measure (slur)"],"628":["slur","position of measure (slur)"],"629":["slur","position of stave (slur)"],"630":["slur","position of stave (slur)"],"631":["slur","position of stave (slur)"],"632":["slur","position of stave (slur)"],"633":["slur","position of stave (slur)"],"634":["slur","slur starts at unit"],"635":["slur","slur starts at unit"],"636":["slur","slur starts at unit"],"637":["slur","slur starts at unit"],"638":["slur","slur starts at unit"],"639":["slur","slur starts at unit"],"640":["slur","slur starts at unit"],"641":["slur","slur starts at unit"],"642":["slur","slur starts at unit"],"643":["slur","slur starts at unit"],"644":["slur","slur starts at unit"],"645":["slur","slur starts at unit","position of unit (slur starts at unit)"],"646":["slur","slur starts at unit","position of unit (slur starts at unit)"],"647":["slur","slur starts at unit","position of unit (slur starts at unit)"],"648":["slur","slur finishes at unit"],"649":["slur","slur finishes at unit"],"650":["slur","slur finishes at unit"],"651":["slur","slur finishes at unit"],"652":["slur","slur finishes at unit"],"653":["slur","slur finishes at unit"],"654":["slur","slur finishes at unit"],"655":["slur","slur finishes at unit"],"656":["slur","slur finishes at unit"],"657":["slur","slur finishes at unit"],"658":["slur","slur finishes at unit"],"659":["slur","slur finishes at unit"],"660":["slur","slur finishes at unit","position of unit (slur finishes at unit)"],"661":["slur","slur finishes at unit","position of unit (slur finishes at unit)"],"662":["slur","slur finishes at unit","position of unit (slur finishes at unit)"],"663":["slur","slur finishes at unit","position of unit (slur finishes at unit)"],"664":["slur","slur finishes at unit","position of unit (slur finishes at unit)"],"665":["slur"],"666":["slur"],"667":["slur"],"668":["slur"],"669":["slur"],"670":["slur"],"671":["slur"],"672":["slur"],"673":["slur"],"674":["slur"],"675":["slur"],"676":["slur"],"677":["slur"],"678":["slur"],"679":["slur"],"680":["slur"],"681":["slur","position of line (slur)"],"682":["slur","position of line (slur)"],"683":["slur","position of line (slur)"],"684":["slur","position of line (slur)"],"685":["slur","position of line (slur)"],"686":["slur","position of line (slur)"],"687":["slur","position of line (slur)"],"688":["slur","position of line (slur)"],"689":["slur","position of line (slur)"],"690":["slur","position of line (slur)"],"691":["slur","position of line (slur)"],"692":["slur","position of line (slur)"],"693":["slur","position of line (slur)"],"694":["slur","position of line (slur)"],"695":["slur","position of line (slur)"],"696":["slur","position of line (slur)"],"697":["slur","position of measure (slur)"],"698":["slur","position of measure (slur)"],"699":["slur","position of measure (slur)"],"700":["slur","position of measure (slur)"],"701":["slur","position of measure (slur)"],"702":["slur","position of measure (slur)"],"703":["slur","position of measure (slur)"],"704":["slur","position of measure (slur)"],"705":["slur","position of measure (slur)"],"706":["slur","position of measure (slur)"],"707":["slur","position of measure (slur)"],"708":["slur","position of measure (slur)"],"709":["slur","position of stave (slur)"],"710":["slur","position of stave (slur)"],"711":["slur","position of stave (slur)"],"712":["slur","position of stave (slur)"],"713":["slur","position of stave (slur)"],"714":["slur","slur starts at unit"],"715":["slur","slur starts at unit"],"716":["slur","slur starts at unit"],"717":["slur","slur starts at unit"],"718":["slur","slur starts at unit"],"719":["slur","slur starts at unit"],"720":["slur","slur starts at unit"],"721":["slur","slur starts at unit"],"722":["slur","slur starts at unit"],"723":["slur","slur starts at unit"],"724":["slur","slur starts at unit"],"725":["slur","slur starts at unit","position of unit (slur starts at unit)"],"726":["slur","slur starts at unit","position of unit (slur starts at unit)"],"727":["slur","slur starts at unit","position of unit (slur starts at unit)"],"728":["slur","slur finishes at unit"],"729":["slur","slur finishes at unit"],"730":["slur","slur finishes at unit"],"731":["slur","slur finishes at unit"],"732":["slur","slur finishes at unit"],"733":["slur","slur finishes at unit"],"734":["slur","slur finishes at unit"],"735":["slur","slur finishes at unit"],"736":["slur","slur finishes at unit"],"737":["slur","slur finishes at unit"],"738":["slur","slur finishes at unit"],"739":["slur","slur finishes at unit"],"740":["slur","slur finishes at unit","position of unit (slur finishes at unit)"],"741":["slur","slur finishes at unit","position of unit (slur finishes at unit)"],"742":["slur","slur finishes at unit","position of unit (slur finishes at unit)"],"743":["slur","slur finishes at unit","position of unit (slur finishes at unit)"],"744":["slur","slur finishes at unit","position of unit (slur finishes at unit)"],"745":["slur"],"746":["slur"],"747":["slur"],"748":["slur"],"749":["slur"],"750":["slur"],"751":["slur"],"752":["slur"],"753":["slur"],"754":["slur"],"755":["slur"],"756":["slur"],"757":["slur"],"758":["slur"],"759":["slur"],"760":["slur"],"761":["slur","position of line (slur)"],"762":["slur","position of line (slur)"],"763":["slur","position of line (slur)"],"764":["slur","position of line (slur)"],"765":["slur","position of line (slur)"],"766":["slur","position of line (slur)"],"767":["slur","position of line (slur)"],"768":["slur","position of line (slur)"],"769":["slur","position of line (slur)"],"770":["slur","position of line (slur)"],"771":["slur","position of line (slur)"],"772":["slur","position of line (slur)"],"773":["slur","position of line (slur)"],"774":["slur","position of line (slur)"],"775":["slur","position of line (slur)"],"776":["slur","position of line (slur)"],"777":["slur","position of measure (slur)"],"778":["slur","position of measure (slur)"],"779":["slur","position of measure (slur)"],"780":["slur","position of measure (slur)"],"781":["slur","position of measure (slur)"],"782":["slur","position of measure (slur)"],"783":["slur","position of measure (slur)"],"784":["slur","position of measure (slur)"],"785":["slur","position of measure (slur)"],"786":["slur","position of measure (slur)"],"787":["slur","position of measure (slur)"],"788":["slur","position of measure (slur)"],"789":["slur","position of measure (slur)"],"790":["slur","position of stave (slur)"],"791":["slur","position of stave (slur)"],"792":["slur","position of stave (slur)"],"793":["slur","position of stave (slur)"],"794":["slur","position of stave (slur)"],"795":["slur","slur starts at unit"],"796":["slur","slur starts at unit"],"797":["slur","slur starts at unit"],"798":["slur","slur starts at unit"],"799":["slur","slur starts at unit"],"800":["slur","slur starts at unit"],"801":["slur","slur starts at unit"],"802":["slur","slur starts at unit"],"803":["slur","slur starts at unit"],"804":["slur","slur starts at unit"],"805":["slur","slur starts at unit"],"806":["slur","slur starts at unit","position of unit (slur starts at unit)"],"807":["slur","slur starts at unit","position of unit (slur starts at unit)"],"808":["slur","slur starts at unit","position of unit (slur starts at unit)"],"809":["slur","slur finishes at unit"],"810":["slur","slur finishes at unit"],"811":["slur","slur finishes at unit"],"812":["slur","slur finishes at unit"],"813":["slur","slur finishes at unit"],"814":["slur","slur finishes at unit"],"815":["slur","slur finishes at unit"],"816":["slur","slur finishes at unit"],"817":["slur","slur finishes at unit"],"818":["slur","slur finishes at unit"],"819":["slur","slur finishes at unit"],"820":["slur","slur finishes at unit","position of unit (slur finishes at unit)"]}