{"0":[],"1":[],"2":[],"3":[],"4":[],"5":[],"6":[],"7":[],"8":[],"9":[],"10":["music font style name"],"11":["music font style name"],"12":["music font style name"],"13":["music font style name","music font style name is"],"14":["music font style name","music font style name is"],"15":["music font style name","music font style name is"],"16":["music font style name","music font style name is"],"17":["music font style name","music font style name is"],"18":["music font style name","music font style name is"],"19":["music font style name","music font style name is"],"20":["music font style name","music font style value"],"21":["empty line in general"],"22":["empty line in general"],"23":["empty line in general"],"24":["empty line in general"],"25":["note"],"26":["note"],"27":["note"],"28":["note"],"29":["note"],"30":["note"],"31":["note"],"32":["note"],"33":["note"],"34":["note"],"35":["note"],"36":["note"],"37":["note"],"38":["note","note with tremolo"],"39":["note","note with tremolo"],"40":["note","note with tremolo"],"41":["note","note with tremolo"],"42":["note","note with tremolo"],"43":["note","note with tremolo"],"44":["note"],"45":["note"],"46":["note"],"47":["note"],"48":["note"],"49":["note"],"50":["note"],"51":["note"],"52":["note"],"53":["note"],"54":["note"],"55":["note"],"56":["note"],"57":["note","note with tremolo"],"58":["note","note with tremolo"],"59":["note","note with tremolo"],"60":["note","note with tremolo"],"61":["note","note with tremolo"],"62":["note","note with tremolo"],"63":["note"],"64":["note"],"65":["note"],"66":["note"],"67":["note"],"68":["note"],"69":["note"],"70":["note"],"71":["note"],"72":["note"],"73":["note"],"74":["note"],"75":["note"],"76":["note","note with tremolo"],"77":["note","note with tremolo"],"78":["note","note with tremolo"],"79":["note","note with tremolo"],"80":["note","note with tremolo"],"81":["note","note with tremolo"],"82":["note"],"83":["note"],"84":["note"],"85":["note"],"86":["note"],"87":["note"],"88":["note"],"89":["note"],"90":["note"],"91":["note"],"92":["note"],"93":["note"],"94":["note"],"95":["note","note with tremolo"],"96":["note","note with tremolo"],"97":["note","note with tremolo"],"98":["note","note with tremolo"],"99":["note","note with tremolo"],"100":["note","note with tremolo"],"101":["note","note with tremolo"],"102":["note"],"103":["note"],"104":["note"],"105":["note"],"106":["note"],"107":["note"],"108":["note"],"109":["note"],"110":["note"],"111":["note"],"112":["note"],"113":["note"],"114":["note"],"115":["note","note with tremolo"],"116":["note","note with tremolo"],"117":["note","note with tremolo"],"118":["note","note with tremolo"],"119":["note","note with tremolo"],"120":["note","note with tremolo"],"121":["note","note with tremolo"],"122":["note"],"123":["note"],"124":["note"],"125":["note"],"126":["note"],"127":["note"],"128":["note"],"129":["note"],"130":["note"],"131":["note"],"132":["note"],"133":["note"],"134":["note","note with tremolo"]}