{"musicFont":"leland","intervalBetweenPageLines":"5"}