<span class="sh">font color </span>is <span class="svh">black
</span><span class="th" ref-id="clef-1-1">
<span class="eh" ref-id="clef-1-1">tenor clef</span>
</span><span class="th" ref-id="clef-1-2"><span class="eh" ref-id="clef-1-2">alto clef</span>
</span><span class="th" ref-id="clef-1-3"><span class="eh" ref-id="clef-1-3">baritone clef</span>
</span><span class="th" ref-id="clef-1-4"><span class="eh" ref-id="clef-1-4">mezzo soprano clef</span>
</span><span class="th" ref-id="clef-1-5"><span class="eh" ref-id="clef-1-5">soprano clef</span></span>