<span class="th" ref-id="measure-1"><span class="cmph" ref-id="measure-1">measure</span>
</span><span class="th" ref-id="coda-1"><span class="eh" ref-id="coda-1">coda</span> <span class="th" ref-id="coda-1">at the start of the <span class="cmph" ref-id="measure-1">measure</span>
</span></span><span class="th" ref-id="measure-2"><span class="cmph" ref-id="measure-2">measure</span>
</span><span class="th" ref-id="coda-2"><span class="eh" ref-id="coda-2">coda</span> <span class="th" ref-id="coda-2">at the end of the <span class="cmph" ref-id="measure-2">measure</span>
</span></span><span class="th" ref-id="measure-3"><span class="cmph" ref-id="measure-3">measure</span>