<span class="th" ref-id="line-1"><span class="clph" ref-id="line-1">new line</span>
</span><span class="th" ref-id="measure-1"><span class="cmph" ref-id="measure-1">measure</span>
</span><span class="th" ref-id="note-1-1-1-1-1"><span class="cuph" ref-id="note-1-1-1-1-1">c</span> </span><span class="th" ref-id="note-1-1-1-2-1"><span class="cuph" ref-id="note-1-1-1-2-1">c</span> </span><span class="th" ref-id="note-1-1-1-3-1"><span class="cuph" ref-id="note-1-1-1-3-1">c</span>
</span><span class="th" ref-id="measure-2"><span class="cmph" ref-id="measure-2">measure</span>
</span><span class="th" ref-id="note-2-1-1-1-1"><span class="cuph" ref-id="note-2-1-1-1-1">c</span> </span><span class="th" ref-id="note-2-1-1-2-1"><span class="cuph" ref-id="note-2-1-1-2-1">c</span> </span><span class="th" ref-id="note-2-1-1-3-1"><span class="cuph" ref-id="note-2-1-1-3-1">c</span>
</span><span class="th" ref-id="measure-3"><span class="cmph" ref-id="measure-3">measure</span>
</span><span class="th" ref-id="line-2">
<span class="clph" ref-id="line-2">new line</span>
</span><span class="th" ref-id="measure-4"><span class="cmph" ref-id="measure-4">measure</span>
</span><span class="th" ref-id="note-4-1-1-1-1"><span class="cuph" ref-id="note-4-1-1-1-1">c</span> </span><span class="th" ref-id="note-4-1-1-2-1"><span class="cuph" ref-id="note-4-1-1-2-1">c</span> </span><span class="th" ref-id="note-4-1-1-3-1"><span class="cuph" ref-id="note-4-1-1-3-1">c</span>
</span><span class="th" ref-id="measure-5"><span class="cmph" ref-id="measure-5">measure</span>
</span><span class="th" ref-id="note-5-1-1-1-1"><span class="cuph" ref-id="note-5-1-1-1-1">c</span> </span><span class="th" ref-id="note-5-1-1-2-1"><span class="cuph" ref-id="note-5-1-1-2-1">c</span> </span><span class="th" ref-id="note-5-1-1-3-1"><span class="cuph" ref-id="note-5-1-1-3-1">c</span>
</span><span class="th" ref-id="measure-6"><span class="cmph" ref-id="measure-6">measure</span>
</span><span class="th" ref-id="octave-sign-1">
<span class="eh" ref-id="octave-sign-1">two octaves</span> higher <span class="clpph" ref-id="line-1">in <span class="clph" ref-id="line-1">first line</span></span>
<span class="th" ref-id="unit-1-1-1-1">from <span class="cupph" ref-id="unit-1-1-1-1"><span class="cuph" ref-id="unit-1-1-1-1">first unit</span></span> <span class="cmpph" ref-id="measure-1">in <span class="cmph" ref-id="measure-1">first measure</span></span>
</span><span class="th" ref-id="unit-2-1-1-3">to <span class="cupph" ref-id="unit-2-1-1-3"><span class="cuph" ref-id="unit-2-1-1-3">third unit</span></span> <span class="cmpph" ref-id="measure-2">in <span class="cmph" ref-id="measure-2">second measure</span></span>
</span></span><span class="th" ref-id="octave-sign-2">
<span class="eh" ref-id="octave-sign-2">octave</span> down <span class="clpph" ref-id="line-2">in <span class="clph" ref-id="line-2">second line</span></span>
<span class="th" ref-id="unit-4-1-1-1">from <span class="cupph" ref-id="unit-4-1-1-1"><span class="cuph" ref-id="unit-4-1-1-1">first unit</span></span> <span class="cmpph" ref-id="measure-4">in <span class="cmph" ref-id="measure-4">first measure</span></span>
</span><span class="th" ref-id="unit-5-1-1-3">to <span class="cupph" ref-id="unit-5-1-1-3"><span class="cuph" ref-id="unit-5-1-1-3">third unit</span></span> <span class="cmpph" ref-id="measure-5">in <span class="cmph" ref-id="measure-5">second measure</span></span></span></span>