<span class="th" ref-id="note-1-1-1-1-1"><span class="cuph" ref-id="note-1-1-1-1-1">a</span> <span class="th" ref-id="articulation-1-1-1-1-1">with <span class="eh" ref-id="articulation-1-1-1-1-1">turn</span> after</span></span>