<span class="th" ref-id="stave-lines-1-1"><span class="csph" ref-id="stave-lines-1-1">stave</span>
</span><span class="th" ref-id="note-1-1-1-1-1"><span class="cuph" ref-id="note-1-1-1-1-1">c</span> </span><span class="th" ref-id="note-1-1-1-2-1"><span class="cuph" ref-id="note-1-1-1-2-1">d</span> </span><span class="th" ref-id="note-1-1-1-3-1"><span class="cuph" ref-id="note-1-1-1-3-1">e</span>
</span><span class="th" ref-id="note-1-1-1-5-1"><span class="cuph" ref-id="note-1-1-1-5-1">e</span> </span><span class="th" ref-id="note-1-1-1-6-1"><span class="cuph" ref-id="note-1-1-1-6-1">f</span> </span><span class="th" ref-id="note-1-1-1-7-1"><span class="cuph" ref-id="note-1-1-1-7-1">g</span>
</span><span class="th" ref-id="simile-mark-1">
<span class="eh" ref-id="simile-mark-1">simile</span> <span class="th" ref-id="unit-1-1-1-1">from <span class="cupph" ref-id="unit-1-1-1-1"><span class="cuph" ref-id="unit-1-1-1-1">unit 1</span></span> </span><span class="th" ref-id="unit-1-1-1-3">to <span class="cupph" ref-id="unit-1-1-1-3"><span class="cuph" ref-id="unit-1-1-1-3">unit 3</span></span>
</span></span><span class="th" ref-id="simile-mark-2"><span class="eh" ref-id="simile-mark-2">simile</span> <span class="th" ref-id="unit-1-1-1-5">from <span class="cupph" ref-id="unit-1-1-1-5"><span class="cuph" ref-id="unit-1-1-1-5">unit 5</span></span> </span><span class="th" ref-id="unit-1-1-1-7">to <span class="cupph" ref-id="unit-1-1-1-7"><span class="cuph" ref-id="unit-1-1-1-7">unit 7</span></span></span></span>