<span class="th" ref-id="note-1-1-1-1-1"><span class="cuph" ref-id="note-1-1-1-1-1">1/8 a</span> is grace
</span><span class="th" ref-id="note-1-1-1-2-1"><span class="cuph" ref-id="note-1-1-1-2-1">1/4 b</span>
</span><span class="th" ref-id="note-1-1-1-3-1">
<span class="cuph" ref-id="note-1-1-1-3-1">1/8 a</span> is grace
</span><span class="th" ref-id="note-1-1-1-4-1"><span class="cuph" ref-id="note-1-1-1-4-1">1/4 b</span>
</span><span class="th" ref-id="note-1-1-1-5-1">
<span class="cuph" ref-id="note-1-1-1-5-1">1/8 a</span> is grace
</span><span class="th" ref-id="note-1-1-1-6-1"><span class="cuph" ref-id="note-1-1-1-6-1">1/4 b</span>
</span><span class="th" ref-id="note-1-1-1-7-1">
<span class="cuph" ref-id="note-1-1-1-7-1">1/8 a</span> <span class="th" ref-id="stem-1-1-1-7">with <span class="eh" ref-id="stem-1-1-1-7">stem</span> down, </span>is grace
</span><span class="th" ref-id="note-1-1-1-8-1"><span class="cuph" ref-id="note-1-1-1-8-1">1/4 b</span>
</span><span class="eh" ref-id="slur-1">
<span class="eh" ref-id="slur-1">slur</span> <span class="th" ref-id="unit-1-1-1-1">from <span class="cupph" ref-id="unit-1-1-1-1"><span class="cuph" ref-id="unit-1-1-1-1">first note</span></span> </span><span class="th" ref-id="unit-1-1-1-2">to <span class="cupph" ref-id="unit-1-1-1-2"><span class="cuph" ref-id="unit-1-1-1-2">second note</span></span>
</span><span class="th" ref-id="slur-1">with right point <span class="th" ref-id="slur-1">attached to note head
</span></span></span><span class="eh" ref-id="slur-2">
<span class="eh" ref-id="slur-2">slur</span> <span class="th" ref-id="unit-1-1-1-3">from <span class="cupph" ref-id="unit-1-1-1-3"><span class="cuph" ref-id="unit-1-1-1-3">third note</span></span> </span><span class="th" ref-id="unit-1-1-1-4">to <span class="cupph" ref-id="unit-1-1-1-4"><span class="cuph" ref-id="unit-1-1-1-4">fourth note</span></span>
</span><span class="th" ref-id="slur-2">with right point <span class="th" ref-id="slur-2">attached to note body
</span></span></span><span class="eh" ref-id="slur-3">
<span class="eh" ref-id="slur-3">slur</span> <span class="th" ref-id="slur-3">up </span><span class="th" ref-id="unit-1-1-1-5">from <span class="cupph" ref-id="unit-1-1-1-5"><span class="cuph" ref-id="unit-1-1-1-5">fifth note</span></span> </span><span class="th" ref-id="unit-1-1-1-6">to <span class="cupph" ref-id="unit-1-1-1-6"><span class="cuph" ref-id="unit-1-1-1-6">sixth note</span></span>
</span><span class="th" ref-id="slur-3">with right point <span class="th" ref-id="slur-3">attached to middle of stem
</span></span></span><span class="eh" ref-id="slur-4">
<span class="eh" ref-id="slur-4">slur</span> <span class="th" ref-id="slur-4">up </span><span class="th" ref-id="unit-1-1-1-7">from <span class="cupph" ref-id="unit-1-1-1-7"><span class="cuph" ref-id="unit-1-1-1-7">seventh note</span></span> </span><span class="th" ref-id="unit-1-1-1-8">to <span class="cupph" ref-id="unit-1-1-1-8"><span class="cuph" ref-id="unit-1-1-1-8">eight note</span></span>
</span><span class="th" ref-id="slur-4">with right point <span class="th" ref-id="slur-4">attached to note head
</span></span></span><span class="ch">
comment: </span><span class="ch">"`note </span><span class="ch">head` </span><span class="ch">and </span><span class="ch">`note </span><span class="ch">body` </span><span class="ch">is </span><span class="ch">the </span><span class="ch">same </span><span class="ch">thing"</span>