{"0":[],"1":[],"2":[],"3":[],"4":[],"5":[],"6":[],"7":["measure"],"8":["measure"],"9":["measure"],"10":["measure"],"11":["measure"],"12":["measure"],"13":["voice"],"14":["voice"],"15":["voice"],"16":["voice"],"17":["voice"],"18":["voice"],"19":["note"],"20":["note"],"21":["note"],"22":["note"],"23":["note"],"24":["note"],"25":["note"],"26":["note","note beamed"],"27":["note","note beamed"],"28":["note"],"29":["note"],"30":["note"],"31":["note"],"32":["note"],"33":["note"],"34":["note"],"35":["note"],"36":["note"],"37":["note"],"38":["note"],"39":["note"],"40":["note"],"41":["note","note not beamed"],"42":["note","note not beamed"],"43":["note","note not beamed"],"44":["note","note not beamed"],"45":["note","note not beamed"],"46":["note","note not beamed"],"47":["note","note not beamed"],"48":["note","note not beamed"],"49":["note","note not beamed"],"50":["note","note not beamed"],"51":["note","note not beamed"],"52":["note","note not beamed"],"53":["note","note not beamed"],"54":["note","note not beamed"],"55":["note","note not beamed"],"56":["note","note with horizontal correction"],"57":["note","note with horizontal correction"],"58":["note","note with horizontal correction"],"59":["note","note with horizontal correction"],"60":["note","note with horizontal correction"],"61":["note","note with horizontal correction"],"62":["note","note with horizontal correction"],"63":["note"],"64":["note"],"65":["note"],"66":["note"],"67":["note"],"68":["note"],"69":["note"],"70":["note","note beamed"],"71":["note","note beamed"],"72":["note","note beamed"],"73":["note"],"74":["note"],"75":["note"],"76":["note"],"77":["note"],"78":["note"],"79":["note"],"80":["note"],"81":["note"],"82":["note"],"83":["note"],"84":["note"],"85":["note"],"86":["note"],"87":["note"],"88":["note"],"89":["note"],"90":["note"],"91":["note","note with horizontal correction"],"92":["note","note with horizontal correction"],"93":["note"],"94":["note"],"95":["note"],"96":["note"],"97":["note"],"98":["note"],"99":["note"],"100":["note"],"101":["note"],"102":["note"],"103":["note"],"104":["note"],"105":["note"],"106":["note","note not beamed"],"107":["note","note not beamed"],"108":["note","note not beamed"],"109":["note","note not beamed"],"110":["note","note not beamed"],"111":["note","note not beamed"],"112":["note"],"113":["note"],"114":["note"],"115":["note"],"116":["note"],"117":["note"],"118":["note"],"119":["note"],"120":["note"],"121":["note"],"122":["note"],"123":["note"],"124":["voice"],"125":["voice"],"126":["voice"],"127":["voice"],"128":["voice"],"129":["voice"],"130":["note"],"131":["note"],"132":["note"],"133":["note"],"134":["note"],"135":["note"],"136":["note"],"137":["note"],"138":["note"],"139":["note"],"140":["note"],"141":["note"],"142":["note"],"143":["note"],"144":["note"],"145":["note"],"146":["note"],"147":["note","note with horizontal correction"],"148":["note","note with horizontal correction"],"149":["note"],"150":["note"],"151":["note"],"152":["note"],"153":["note"],"154":["note"],"155":["note"],"156":["note"],"157":["note"],"158":["note"],"159":["note"],"160":["note"],"161":["note"],"162":["note"],"163":["note"],"164":["note"],"165":["note","note with horizontal correction"],"166":["note","note with horizontal correction"],"167":["note"],"168":["note"],"169":["note"],"170":["note"],"171":["note"],"172":["note"],"173":["note"],"174":["empty line after note"],"175":["empty line after note"],"176":["empty line after note"],"177":["empty line after note"],"178":["empty line after note"],"179":["empty line after note"],"180":["empty line after note"],"181":["empty line after note"],"182":["empty line after note"],"183":["empty line after note"],"184":["empty line after note"],"185":["tuplet"],"186":["tuplet"],"187":["tuplet"],"188":["tuplet"],"189":["tuplet"],"190":["tuplet"],"191":["tuplet"],"192":["tuplet"],"193":["tuplet"],"194":["tuplet"],"195":["tuplet"],"196":["tuplet"],"197":["tuplet"],"198":["tuplet"],"199":["tuplet"],"200":["tuplet"],"201":["tuplet"],"202":["tuplet"],"203":["tuplet"],"204":["tuplet"],"205":["tuplet"],"206":["tuplet"],"207":["tuplet"],"208":["tuplet"],"209":["tuplet"],"210":["tuplet"],"211":["tuplet"],"212":["tuplet"],"213":["tuplet"],"214":["tuplet","position of voice (tuplet)"],"215":["tuplet","position of voice (tuplet)"],"216":["tuplet","position of voice (tuplet)"],"217":["tuplet","position of voice (tuplet)"],"218":["tuplet","position of voice (tuplet)"],"219":["tuplet","tuplet starts at unit"],"220":["tuplet","tuplet starts at unit"],"221":["tuplet","tuplet starts at unit"],"222":["tuplet","tuplet starts at unit"],"223":["tuplet","tuplet starts at unit"],"224":["tuplet","tuplet starts at unit"],"225":["tuplet","tuplet starts at unit"],"226":["tuplet","tuplet starts at unit","unit position (tuplet starts at unit)"],"227":["tuplet","tuplet starts at unit","unit position (tuplet starts at unit)"],"228":["tuplet","tuplet starts at unit","unit position (tuplet starts at unit)"],"229":["tuplet","tuplet finishes at unit"],"230":["tuplet","tuplet finishes at unit"],"231":["tuplet","tuplet finishes at unit"],"232":["tuplet","tuplet finishes at unit"],"233":["tuplet","tuplet finishes at unit"],"234":["tuplet","tuplet finishes at unit"],"235":["tuplet","tuplet finishes at unit"],"236":["tuplet","tuplet finishes at unit","unit position (tuplet finishes at unit)"],"237":["tuplet","tuplet finishes at unit","unit position (tuplet finishes at unit)"],"238":["tuplet","tuplet finishes at unit","unit position (tuplet finishes at unit)"],"239":["tuplet","tuplet finishes at unit","unit position (tuplet finishes at unit)"],"240":["tuplet","tuplet finishes at unit","unit position (tuplet finishes at unit)"],"241":["tuplet","tuplet finishes at unit","unit position (tuplet finishes at unit)"],"242":["tuplet","tuplet finishes at unit","unit position (tuplet finishes at unit)"],"243":["tuplet","tuplet finishes at unit","unit position (tuplet finishes at unit)"],"244":["tuplet","tuplet finishes at unit","unit position (tuplet finishes at unit)"],"245":["tuplet"],"246":["tuplet"],"247":["tuplet"],"248":["tuplet"],"249":["tuplet"],"250":["tuplet"],"251":["tuplet"],"252":["tuplet"],"253":["tuplet"],"254":["tuplet"],"255":["tuplet"],"256":["tuplet"],"257":["tuplet"],"258":["tuplet"],"259":["tuplet"],"260":["tuplet"],"261":["tuplet"],"262":["tuplet"],"263":["tuplet"],"264":["tuplet"],"265":["tuplet"],"266":["tuplet"],"267":["tuplet"],"268":["tuplet"],"269":["tuplet"],"270":["tuplet"],"271":["tuplet"],"272":["tuplet"],"273":["tuplet"],"274":["tuplet","position of voice (tuplet)"],"275":["tuplet","position of voice (tuplet)"],"276":["tuplet","position of voice (tuplet)"],"277":["tuplet","position of voice (tuplet)"],"278":["tuplet","position of voice (tuplet)"],"279":["tuplet","tuplet starts at unit"],"280":["tuplet","tuplet starts at unit"],"281":["tuplet","tuplet starts at unit"],"282":["tuplet","tuplet starts at unit"],"283":["tuplet","tuplet starts at unit"],"284":["tuplet","tuplet starts at unit"],"285":["tuplet","tuplet starts at unit"],"286":["tuplet","tuplet starts at unit","unit position (tuplet starts at unit)"],"287":["tuplet","tuplet starts at unit","unit position (tuplet starts at unit)"],"288":["tuplet","tuplet starts at unit","unit position (tuplet starts at unit)"],"289":["tuplet","tuplet finishes at unit"],"290":["tuplet","tuplet finishes at unit"],"291":["tuplet","tuplet finishes at unit"],"292":["tuplet","tuplet finishes at unit"],"293":["tuplet","tuplet finishes at unit"],"294":["tuplet","tuplet finishes at unit"],"295":["tuplet","tuplet finishes at unit"],"296":["tuplet","tuplet finishes at unit","unit position (tuplet finishes at unit)"],"297":["tuplet","tuplet finishes at unit","unit position (tuplet finishes at unit)"],"298":["tuplet","tuplet finishes at unit","unit position (tuplet finishes at unit)"],"299":["tuplet","tuplet finishes at unit","unit position (tuplet finishes at unit)"],"300":["tuplet","tuplet finishes at unit","unit position (tuplet finishes at unit)"],"301":["tuplet","tuplet finishes at unit","unit position (tuplet finishes at unit)"],"302":["tuplet","tuplet finishes at unit","unit position (tuplet finishes at unit)"],"303":["tuplet","tuplet finishes at unit","unit position (tuplet finishes at unit)"],"304":["tuplet","tuplet finishes at unit","unit position (tuplet finishes at unit)"],"305":["tuplet"],"306":["tuplet"],"307":["tuplet"],"308":["tuplet"],"309":["tuplet"],"310":["tuplet"],"311":["tuplet"],"312":["tuplet"],"313":["tuplet"],"314":["tuplet"],"315":["tuplet"],"316":["tuplet"],"317":["tuplet"],"318":["tuplet"],"319":["tuplet"],"320":["tuplet"],"321":["tuplet"],"322":["tuplet"],"323":["tuplet"],"324":["tuplet"],"325":["tuplet"],"326":["tuplet"],"327":["tuplet"],"328":["tuplet"],"329":["tuplet"],"330":["tuplet"],"331":["tuplet"],"332":["tuplet"],"333":["tuplet"],"334":["tuplet","position of voice (tuplet)"],"335":["tuplet","position of voice (tuplet)"],"336":["tuplet","position of voice (tuplet)"],"337":["tuplet","position of voice (tuplet)"],"338":["tuplet","position of voice (tuplet)"],"339":["tuplet","tuplet starts at unit"],"340":["tuplet","tuplet starts at unit"],"341":["tuplet","tuplet starts at unit"],"342":["tuplet","tuplet starts at unit"],"343":["tuplet","tuplet starts at unit"],"344":["tuplet","tuplet starts at unit"],"345":["tuplet","tuplet starts at unit"],"346":["tuplet","tuplet starts at unit","unit position (tuplet starts at unit)"],"347":["tuplet","tuplet starts at unit","unit position (tuplet starts at unit)"],"348":["tuplet","tuplet starts at unit","unit position (tuplet starts at unit)"],"349":["tuplet","tuplet finishes at unit"],"350":["tuplet","tuplet finishes at unit"],"351":["tuplet","tuplet finishes at unit"],"352":["tuplet","tuplet finishes at unit"],"353":["tuplet","tuplet finishes at unit"],"354":["tuplet","tuplet finishes at unit"],"355":["tuplet","tuplet finishes at unit","unit position (tuplet finishes at unit)"]}