{"0":[],"1":[],"2":[],"3":[],"4":[],"5":[],"6":[],"7":[],"8":[],"9":[],"10":["color style name"],"11":["color style name"],"12":["color style name"],"13":["color style name","color style name is"],"14":["color style name","color style name is"],"15":["color style name","color style name is"],"16":["color style name","color style name is"],"17":["color style name","color style name is"],"18":["color style name","color style name is"],"19":["color style name","color style value"],"20":["empty line in general"],"21":["empty line in general"],"22":["empty line in general"],"23":["empty line in general"],"24":["empty line in general"],"25":["empty line in general"],"26":["empty line in general"],"27":["empty line in general"],"28":["empty line in general"],"29":["empty line in general"],"30":["empty line in general"],"31":["clef"],"32":["clef"],"33":["clef"],"34":["clef"],"35":["clef"],"36":["clef"],"37":["clef"],"38":["clef"],"39":["clef"],"40":["clef"],"41":["clef"],"42":["clef"],"43":["clef"],"44":["clef"],"45":["clef"],"46":["clef"],"47":["clef"],"48":["clef"],"49":["clef"],"50":["clef"],"51":["clef"],"52":["clef"],"53":["clef"],"54":["clef"],"55":["clef"],"56":["clef"],"57":["clef"],"58":["clef"],"59":["clef"],"60":["clef"],"61":["clef"],"62":["clef"],"63":["clef"],"64":["clef"],"65":["clef"],"66":["clef"],"67":["clef"],"68":["clef"],"69":["clef"],"70":["clef"],"71":["clef"],"72":["clef"],"73":["clef"],"74":["clef"],"75":["clef"],"76":["clef"],"77":["clef"],"78":["clef"],"79":["clef"],"80":["clef"],"81":["clef"],"82":["clef"],"83":["clef"],"84":["clef"],"85":["clef"],"86":["clef"]}