{"0":[],"1":[],"2":[],"3":[],"4":[],"5":["chord"],"6":["chord"],"7":["chord"],"8":["chord"],"9":["chord"],"10":["chord"],"11":["chord"],"12":["chord"],"13":["chord"],"14":["chord"],"15":["chord"],"16":["chord"],"17":["chord"],"18":["chord"],"19":["chord"],"20":["chord","chord is arpeggiated"],"21":["chord","chord is arpeggiated"],"22":["chord","chord is arpeggiated"],"23":["chord","chord is arpeggiated"],"24":["chord","chord is arpeggiated"],"25":["chord","chord is arpeggiated"],"26":["chord","chord is arpeggiated"],"27":["chord","chord is arpeggiated"],"28":["chord","chord is arpeggiated"],"29":["chord","chord is arpeggiated"],"30":["chord","chord is arpeggiated"],"31":["chord","chord is arpeggiated","chord is arpeggiated with arrow"],"32":["chord","chord is arpeggiated","chord is arpeggiated with arrow"],"33":["chord","chord is arpeggiated","chord is arpeggiated with arrow"],"34":["chord","chord is arpeggiated","chord is arpeggiated with arrow","chord is arpeggiated with arrow direction"],"35":["chord","chord is arpeggiated","chord is arpeggiated with arrow","chord is arpeggiated with arrow direction"],"36":["note"],"37":["note"],"38":["note"],"39":["note"],"40":["note"],"41":["note"],"42":["note"],"43":["empty line after note"],"44":["empty line after note"],"45":["empty line after note"],"46":["empty line after note"],"47":["empty line after note"],"48":["empty line after note"],"49":["chord"],"50":["chord"],"51":["chord"],"52":["chord"],"53":["chord"],"54":["chord"],"55":["chord"],"56":["chord"],"57":["chord"],"58":["chord"],"59":["chord"],"60":["chord"],"61":["chord"],"62":["chord"],"63":["chord"],"64":["chord","chord is arpeggiated"],"65":["chord","chord is arpeggiated"],"66":["chord","chord is arpeggiated"],"67":["chord","chord is arpeggiated"],"68":["chord","chord is arpeggiated"],"69":["chord","chord is arpeggiated"],"70":["chord","chord is arpeggiated"],"71":["chord","chord is arpeggiated"],"72":["chord","chord is arpeggiated"],"73":["chord","chord is arpeggiated"],"74":["chord","chord is arpeggiated"],"75":["chord","chord is arpeggiated","chord is arpeggiated with arrow"],"76":["chord","chord is arpeggiated","chord is arpeggiated with arrow"],"77":["chord","chord is arpeggiated","chord is arpeggiated with arrow"],"78":["chord","chord is arpeggiated","chord is arpeggiated with arrow"],"79":["chord","chord is arpeggiated","chord is arpeggiated with arrow"],"80":["chord","chord is arpeggiated","chord is arpeggiated with arrow","chord is arpeggiated with arrow direction"],"81":["chord","chord is arpeggiated","chord is arpeggiated with arrow","chord is arpeggiated with arrow direction"],"82":["note"],"83":["note"],"84":["note"],"85":["note"],"86":["note"],"87":["note"]}