{"0":[],"1":[],"2":[],"3":[],"4":[],"5":[],"6":[],"7":[],"8":[],"9":[],"10":[],"11":[],"12":[],"13":[],"14":[],"15":[],"16":["color style name"],"17":["color style name"],"18":["color style name"],"19":["color style name","color style name is"],"20":["color style name","color style name is"],"21":["color style name","color style name is"],"22":["color style name","color style name is"],"23":["color style name","color style name is"],"24":["color style name","color style name is"],"25":["color style name","color style name is"],"26":["color style name","color style value"]}