{"0":[],"1":[],"2":[],"3":[],"4":[],"5":[],"6":[],"7":["measure"],"8":["measure"],"9":["measure"],"10":["measure"],"11":["measure"],"12":["measure"],"13":["measure"],"14":["measure"],"15":["measure"],"16":["measure"],"17":["measure"],"18":["measure"],"19":["measure"],"20":["measure"],"21":["key signature"],"22":["key signature"],"23":["key signature"],"24":["key signature"],"25":["key signature"],"26":["key signature"],"27":["key signature"],"28":["key signature"],"29":["key signature"],"30":["key signature"],"31":["key signature"],"32":["key signature"],"33":["key signature"],"34":["key signature"],"35":["key signature"],"36":["key signature"],"37":["key signature"],"38":["key signature","key signature name"],"39":["key signature","key signature name"],"40":["key signature","key signature name"],"41":["key signature","key signature name"],"42":["key signature","key signature name"],"43":["key signature","key signature name"],"44":["key signature","key signature name"],"45":["key signature","key signature name"],"46":["key signature","key signature name"],"47":["key signature","key signature name"],"48":["key signature","key signature name"],"49":["key signature","key signature name"],"50":["key signature","key signature name"],"51":["key signature","key signature name"],"52":["key signature","key signature for each line"],"53":["key signature","key signature for each line"],"54":["key signature","key signature for each line"],"55":["key signature","key signature for each line"],"56":["key signature","key signature for each line"],"57":["key signature","key signature for each line"],"58":["stave"],"59":["stave"],"60":["stave"],"61":["stave"],"62":["stave"],"63":["stave"],"64":["stave"],"65":["stave"],"66":["stave"],"67":["stave"],"68":["stave"],"69":["stave"],"70":["stave"],"71":["stave"],"72":["stave"],"73":["stave"],"74":["stave"],"75":["stave","stave with clef"],"76":["stave","stave with clef"],"77":["stave","stave with clef"],"78":["stave","stave with clef"],"79":["stave","stave with clef"],"80":["stave","stave with clef"],"81":["stave"],"82":["stave"],"83":["stave"],"84":["stave"],"85":["stave"],"86":["stave"],"87":["stave"],"88":["stave"],"89":["stave"],"90":["stave"],"91":["stave"],"92":["stave"],"93":["stave"],"94":["stave"],"95":["stave"],"96":["stave","stave with clef"],"97":["empty line in general"],"98":["empty line in general"],"99":["empty line in general"],"100":["empty line in general"],"101":["new"],"102":["new"],"103":["new"],"104":["new"],"105":["new"],"106":["new","new line"],"107":["new","new line"],"108":["new","new line"],"109":["new","new line"],"110":["new"],"111":["new"],"112":["new"],"113":["new"],"114":["new"],"115":["new","new line"],"116":["new","new line"],"117":["new","new line"],"118":["new","new line"],"119":["new","new line"],"120":["new","new line"],"121":["stave"],"122":["stave"],"123":["stave"],"124":["stave"],"125":["stave"],"126":["stave"],"127":["stave"],"128":["stave"],"129":["stave"],"130":["stave"],"131":["stave"],"132":["stave"],"133":["stave"],"134":["stave"],"135":["stave"],"136":["stave","stave with clef"],"137":["stave","stave with clef"],"138":["stave","stave with clef"],"139":["stave","stave with clef"],"140":["stave","stave with clef"],"141":["stave","stave with clef"],"142":["stave"],"143":["stave"],"144":["stave"],"145":["stave"],"146":["stave"],"147":["stave"],"148":["stave"],"149":["stave"],"150":["stave"],"151":["stave"],"152":["stave"],"153":["stave"],"154":["stave"],"155":["stave"],"156":["stave"],"157":["stave"],"158":["stave","stave with clef"],"159":["empty line in general"],"160":["empty line in general"],"161":["empty line in general"],"162":["empty line in general"],"163":["new"],"164":["new"],"165":["new"],"166":["new"],"167":["new","new line"]}