{"0":[],"1":[],"2":[],"3":[],"4":[],"5":[],"6":[],"7":[],"8":[],"9":[],"10":[],"11":[],"12":[],"13":[],"14":[],"15":["lyrics position"],"16":["lyrics position"],"17":["lyrics position"],"18":["lyrics position"],"19":["lyrics position"],"20":["lyrics position"],"21":["lyrics position"],"22":["lyrics position"],"23":["lyrics position"],"24":["lyrics position"],"25":["lyrics position"],"26":["lyrics position"],"27":["lyrics position"],"28":["lyrics position","lyrics position stave index"],"29":["empty line in general"],"30":["empty line in general"],"31":["empty line in general"],"32":["empty line in general"],"33":["empty line in general"],"34":["empty line in general"],"35":["empty line in general"],"36":["empty line in general"],"37":["measure"],"38":["measure"],"39":["measure"],"40":["measure"],"41":["measure"],"42":["measure"],"43":["stave"],"44":["stave"],"45":["stave"],"46":["stave"],"47":["stave"],"48":["stave"],"49":["voice"],"50":["voice"],"51":["note"],"52":["note"],"53":["note"],"54":["note"],"55":["note"],"56":["note"],"57":["note"],"58":["note"],"59":["note"],"60":["note"],"61":["note"],"62":["note"],"63":["note","note with lyrics"],"64":["note","note with lyrics"],"65":["note","note with lyrics"],"66":["note","note with lyrics"],"67":["note","note with lyrics"],"68":["note","note with lyrics"],"69":["note","note with lyrics"],"70":["note","note with lyrics"],"71":["note","note with lyrics"],"72":["note","note with lyrics"],"73":["note","note with lyrics"],"74":["note","note with lyrics"],"75":["note","note with lyrics"],"76":["note","note with lyrics"],"77":["note","note with lyrics"],"78":["note","note with lyrics"],"79":["note","note with lyrics"],"80":["note","note with lyrics"],"81":["note","note with lyrics"],"82":["note","note with lyrics"],"83":["note","note with lyrics"],"84":["note","note with lyrics"],"85":["note","note with lyrics"],"86":["note","note with lyrics"],"87":["note","note with lyrics"],"88":["note","note with lyrics"],"89":["note","note with lyrics"],"90":["note","note with lyrics"],"91":["note","note with lyrics"],"92":["note","note with lyrics"],"93":["note","note with lyrics"],"94":["note","note with lyrics"],"95":["note","note with lyrics"],"96":["note","note with lyrics"],"97":["note","note with lyrics"],"98":["note","note with lyrics"],"99":["note","note with lyrics"],"100":["note","note with lyrics"],"101":["note","note with lyrics"],"102":["note","note with lyrics"],"103":["note","note with lyrics"],"104":["note","note with lyrics"],"105":["note","note with lyrics"],"106":["note","note with lyrics"],"107":["note","note with lyrics"],"108":["note","note with lyrics"],"109":["note","note with lyrics"],"110":["note","note is tied with next"],"111":["note","note is tied with next"],"112":["note","note is tied with next"],"113":["note","note is tied with next","note tied with next direction"],"114":["note","note is tied with next","note tied with next direction"],"115":["note"],"116":["note"],"117":["note"],"118":["note"],"119":["note"],"120":["note"],"121":["voice"],"122":["voice"],"123":["note"],"124":["note"],"125":["note"],"126":["note"],"127":["note"],"128":["note"],"129":["note"],"130":["note"],"131":["note"],"132":["note"],"133":["note"],"134":["note"],"135":["note"],"136":["note"],"137":["note"],"138":["note","note is tied with next"],"139":["note","note is tied with next"],"140":["note","note is tied with next"],"141":["note","note is tied with next"],"142":["note","note is tied with next"],"143":["note","note is tied with next","note tied with next direction"],"144":["note","note is tied with next","note tied with next direction"],"145":["note","note is tied with next","note tied with next direction"],"146":["note","note is tied with next","note tied with next direction"],"147":["note","note is tied with next","note tied with next direction"],"148":["note","note is tied with next","note tied with next direction"],"149":["note"],"150":["note"],"151":["note"],"152":["note"],"153":["note"],"154":["note"],"155":["note"],"156":["note"],"157":["note"],"158":["note"],"159":["note"],"160":["note"],"161":["note","note with lyrics"],"162":["note","note with lyrics"],"163":["note","note with lyrics"],"164":["note","note with lyrics"],"165":["note","note with lyrics"],"166":["note","note with lyrics"],"167":["note","note with lyrics"],"168":["note","note with lyrics"],"169":["note","note with lyrics"],"170":["note","note with lyrics"],"171":["note","note with lyrics"],"172":["note","note with lyrics"],"173":["note","note with lyrics"],"174":["note","note with lyrics"],"175":["note","note with lyrics"],"176":["note","note with lyrics"],"177":["note","note with lyrics"],"178":["note","note with lyrics"],"179":["note","note with lyrics"],"180":["note","note with lyrics"],"181":["note","note with lyrics"],"182":["note","note with lyrics"],"183":["note","note with lyrics"],"184":["note","note with lyrics"],"185":["note","note with lyrics"],"186":["note","note with lyrics"],"187":["note","note with lyrics"],"188":["note","note with lyrics"],"189":["note","note with lyrics"],"190":["note","note with lyrics"],"191":["note","note with lyrics"],"192":["note","note with lyrics"],"193":["note","note with lyrics"],"194":["note"],"195":["note"],"196":["note"],"197":["note"],"198":["note"],"199":["note"],"200":["stave"],"201":["stave"],"202":["stave"],"203":["stave"],"204":["stave"],"205":["stave"],"206":["voice"],"207":["voice"],"208":["voice"],"209":["voice"],"210":["voice"],"211":["voice"],"212":["note"],"213":["note"],"214":["note"],"215":["note"],"216":["note"],"217":["note"],"218":["note"],"219":["note"],"220":["note"],"221":["note"],"222":["note"],"223":["note"],"224":["note"],"225":["note"],"226":["note"],"227":["note"],"228":["note"],"229":["note"],"230":["note"],"231":["note"],"232":["note"],"233":["note"],"234":["note"],"235":["note","note with lyrics"],"236":["note","note with lyrics"],"237":["note","note with lyrics"],"238":["note","note with lyrics"],"239":["note","note with lyrics"],"240":["note","note with lyrics"],"241":["note","note with lyrics"],"242":["note","note with lyrics"],"243":["note","note with lyrics"],"244":["note","note with lyrics"],"245":["note","note with lyrics"],"246":["note","note with lyrics"],"247":["note","note with lyrics"],"248":["note","note with lyrics"],"249":["note","note with lyrics"],"250":["note","note with lyrics"],"251":["note","note with lyrics"],"252":["note","note with lyrics"],"253":["note","note with lyrics"],"254":["note","note with lyrics"],"255":["note","note with lyrics"],"256":["note","note with lyrics"],"257":["note","note with lyrics"],"258":["note","note with lyrics"],"259":["note","note with lyrics"],"260":["note"],"261":["note"],"262":["note"],"263":["note"],"264":["note"],"265":["note"],"266":["voice"],"267":["voice"],"268":["voice"],"269":["voice"],"270":["voice"],"271":["voice"],"272":["note"],"273":["note"],"274":["note"],"275":["note"],"276":["note"],"277":["note"],"278":["note"],"279":["note"],"280":["note"],"281":["note"],"282":["note"],"283":["note"],"284":["note"],"285":["note"],"286":["note"],"287":["note"],"288":["note"],"289":["note"],"290":["note"],"291":["note"],"292":["note"],"293":["note"],"294":["note"],"295":["note"],"296":["note"],"297":["note","note with lyrics"],"298":["note","note with lyrics"],"299":["note","note with lyrics"],"300":["note","note with lyrics"],"301":["note","note with lyrics"],"302":["note","note with lyrics"]}