{"0":[],"1":[],"2":[],"3":["new"],"4":["new"],"5":["new"],"6":["new"],"7":["new"],"8":["new","new line"],"9":["new","new line"],"10":["new","new line"],"11":["new","new line"],"12":["new","new line"],"13":["new","new line"],"14":["new","new line"],"15":["new","new line"],"16":["measure"],"17":["measure"],"18":["measure"],"19":["measure"],"20":["measure"],"21":["measure"],"22":["stave"],"23":["stave"],"24":["note"],"25":["note"],"26":["note"],"27":["note"],"28":["note"],"29":["note"],"30":["note"],"31":["note"],"32":["note"],"33":["note"],"34":["note"],"35":["note","note with pedal"],"36":["note","note with pedal"],"37":["note"],"38":["note"],"39":["note"],"40":["note"],"41":["note"],"42":["note"],"43":["note"],"44":["note"],"45":["note"],"46":["note"],"47":["note"],"48":["note"],"49":["note"],"50":["note"],"51":["note"],"52":["note"],"53":["note"],"54":["note","note with release"],"55":["note","note with release"],"56":["note","note with release"],"57":["note","note with release"],"58":["note","note with release"],"59":["note","note with release"],"60":["stave"],"61":["stave"],"62":["note"],"63":["note"],"64":["note"],"65":["note"],"66":["note"],"67":["note"],"68":["note"],"69":["note"],"70":["note"],"71":["note"],"72":["note"],"73":["note"],"74":["note"],"75":["note"],"76":["measure"],"77":["measure"],"78":["measure"],"79":["measure"],"80":["measure"],"81":["measure"],"82":["stave"],"83":["stave"],"84":["stave"],"85":["stave"],"86":["stave"],"87":["stave"]}