{"0":[],"1":[],"2":[],"3":["new"],"4":["new"],"5":["new"],"6":["new"],"7":["new"],"8":["new","new line"],"9":["new","new line"],"10":["new","new line"],"11":["new","new line"],"12":["new","new line"],"13":["new","new line"],"14":["new","new line"],"15":["new","new line"],"16":["measure"],"17":["measure"],"18":["measure"],"19":["measure"],"20":["measure"],"21":["measure"],"22":["stave"],"23":["stave"],"24":["stave"],"25":["stave"],"26":["stave"],"27":["stave"],"28":["voice"],"29":["voice"],"30":["note"],"31":["note"],"32":["note"],"33":["note"],"34":["note"],"35":["note"],"36":["note"],"37":["note"],"38":["note"],"39":["note"],"40":["voice"],"41":["voice"],"42":["note"],"43":["note"],"44":["note"],"45":["note"],"46":["note"],"47":["note"],"48":["note"],"49":["note"],"50":["note"],"51":["note"],"52":["stave"],"53":["stave"],"54":["stave"],"55":["stave"],"56":["stave"],"57":["stave"],"58":["voice"],"59":["voice"],"60":["note"],"61":["note"],"62":["note"],"63":["note"],"64":["note"],"65":["note"],"66":["note"],"67":["note"],"68":["note"],"69":["note"],"70":["voice"],"71":["voice"],"72":["note"],"73":["note"],"74":["note"],"75":["note"],"76":["note"],"77":["note"],"78":["note"],"79":["note"],"80":["note"],"81":["note"],"82":["note"],"83":["note"],"84":["measure"],"85":["measure"],"86":["measure"],"87":["measure"],"88":["measure"],"89":["measure"],"90":["stave"],"91":["stave"],"92":["stave"],"93":["stave"],"94":["stave"],"95":["stave"],"96":["voice"],"97":["voice"],"98":["note"],"99":["note"],"100":["note"],"101":["note"],"102":["note"],"103":["note"],"104":["note"],"105":["note"],"106":["note"],"107":["note"],"108":["voice"],"109":["voice"],"110":["note"],"111":["note"],"112":["note"],"113":["note"],"114":["note"],"115":["note"],"116":["note"],"117":["note"],"118":["note"],"119":["note"],"120":["stave"],"121":["stave"],"122":["stave"],"123":["stave"],"124":["stave"],"125":["stave"],"126":["voice"],"127":["voice"],"128":["note"],"129":["note"],"130":["note"],"131":["note"],"132":["note"],"133":["note"],"134":["note"],"135":["note"],"136":["note"],"137":["note"],"138":["voice"],"139":["voice"],"140":["note"],"141":["note"],"142":["note"],"143":["note"],"144":["note"],"145":["note"],"146":["note"],"147":["note"],"148":["note"],"149":["note"],"150":["note"],"151":["note"],"152":["measure"],"153":["measure"],"154":["measure"],"155":["measure"],"156":["measure"],"157":["measure"],"158":["stave"],"159":["stave"],"160":["stave"],"161":["stave"],"162":["stave"],"163":["stave"],"164":["voice"],"165":["voice"],"166":["note"],"167":["note"],"168":["note"],"169":["note"],"170":["note"],"171":["note"],"172":["note"],"173":["note"],"174":["note"],"175":["note"],"176":["voice"],"177":["voice"],"178":["note"],"179":["note"],"180":["note"],"181":["note"],"182":["note"],"183":["note"],"184":["note"],"185":["note"],"186":["note"],"187":["note"],"188":["stave"],"189":["stave"],"190":["stave"],"191":["stave"],"192":["stave"],"193":["stave"],"194":["voice"],"195":["voice"],"196":["note"],"197":["note"],"198":["note"],"199":["note"],"200":["note"],"201":["note"],"202":["note"],"203":["note"],"204":["note"],"205":["note"],"206":["voice"],"207":["voice"],"208":["note"],"209":["note"],"210":["note"],"211":["note"],"212":["note"],"213":["note"],"214":["note"],"215":["note"],"216":["new"],"217":["new"],"218":["new"],"219":["new"],"220":["new"],"221":["new","new line"],"222":["new","new line"],"223":["new","new line"],"224":["new","new line"],"225":["new","new line"],"226":["new","new line"],"227":["new","new line"],"228":["new","new line"],"229":["measure"],"230":["measure"],"231":["measure"],"232":["measure"],"233":["measure"],"234":["measure"],"235":["stave"],"236":["stave"],"237":["stave"],"238":["stave"],"239":["stave"],"240":["stave"],"241":["voice"],"242":["voice"],"243":["note"],"244":["note"],"245":["note"],"246":["note"],"247":["note"],"248":["note"],"249":["note"],"250":["note"],"251":["note"],"252":["note"],"253":["voice"],"254":["voice"],"255":["note"],"256":["note"],"257":["note"],"258":["note"],"259":["note"],"260":["note"],"261":["note"],"262":["note"],"263":["note"],"264":["note"],"265":["stave"],"266":["stave"],"267":["stave"],"268":["stave"],"269":["stave"],"270":["stave"],"271":["voice"],"272":["voice"],"273":["note"],"274":["note"],"275":["note"],"276":["note"],"277":["note"],"278":["note"],"279":["note"],"280":["note"],"281":["note"],"282":["note"],"283":["voice"],"284":["voice"],"285":["note"],"286":["note"],"287":["note"],"288":["note"],"289":["note"],"290":["note"],"291":["note"],"292":["note"],"293":["note"],"294":["note"],"295":["note"],"296":["note"],"297":["measure"],"298":["measure"],"299":["measure"],"300":["measure"],"301":["measure"],"302":["measure"],"303":["stave"],"304":["stave"],"305":["stave"],"306":["stave"],"307":["stave"],"308":["stave"],"309":["voice"],"310":["voice"],"311":["note"],"312":["note"],"313":["note"],"314":["note"],"315":["note"],"316":["note"],"317":["note"],"318":["note"],"319":["note"],"320":["note"],"321":["note"],"322":["note"],"323":["note"],"324":["note"],"325":["note"],"326":["note"],"327":["voice"],"328":["voice"],"329":["note"],"330":["note"],"331":["note"],"332":["note"],"333":["note"],"334":["note"],"335":["note"],"336":["note"],"337":["note"],"338":["note"],"339":["note"],"340":["note"],"341":["note"],"342":["note"],"343":["note"],"344":["note"],"345":["stave"],"346":["stave"],"347":["stave"],"348":["stave"],"349":["stave"],"350":["stave"],"351":["voice"],"352":["voice"],"353":["note"],"354":["note"],"355":["note"],"356":["note"],"357":["note"],"358":["note"],"359":["note"],"360":["note"],"361":["note"],"362":["note"],"363":["voice"],"364":["voice"],"365":["note"],"366":["note"],"367":["note"],"368":["note"],"369":["note"],"370":["note"],"371":["note"],"372":["note"],"373":["note"],"374":["note"],"375":["note"],"376":["note"],"377":["measure"],"378":["measure"],"379":["measure"],"380":["measure"],"381":["measure"],"382":["measure"],"383":["stave"],"384":["stave"],"385":["stave"],"386":["stave"],"387":["stave"],"388":["stave"],"389":["voice"],"390":["voice"],"391":["note"],"392":["note"],"393":["note"],"394":["note"],"395":["note"],"396":["note"],"397":["note"],"398":["note"],"399":["note"],"400":["note"],"401":["voice"],"402":["voice"],"403":["note"],"404":["note"],"405":["note"],"406":["note"],"407":["note"],"408":["note"],"409":["note"],"410":["note"],"411":["note"],"412":["note"],"413":["stave"],"414":["stave"],"415":["stave"],"416":["stave"],"417":["stave"],"418":["stave"],"419":["voice"],"420":["voice"],"421":["note"],"422":["note"],"423":["note"],"424":["note"],"425":["note"],"426":["note"],"427":["note"],"428":["note"],"429":["note"],"430":["note"],"431":["voice"],"432":["voice"],"433":["note"],"434":["note"],"435":["note"],"436":["note"],"437":["note"],"438":["empty line after note"],"439":["empty line after note"],"440":["empty line after note"],"441":["empty line after note"],"442":["empty line after note"],"443":["empty line after note"],"444":["empty line after note"],"445":["repeat simile"],"446":["repeat simile"],"447":["repeat simile"],"448":["repeat simile"],"449":["repeat simile"],"450":["repeat simile"],"451":["repeat simile"],"452":["repeat simile"],"453":["repeat simile"],"454":["repeat simile"],"455":["repeat simile"],"456":["repeat simile"],"457":["repeat simile"],"458":["repeat simile"],"459":["repeat simile"],"460":["repeat simile"],"461":["repeat simile","position of line (repeat simile)"],"462":["repeat simile","position of line (repeat simile)"],"463":["repeat simile","position of line (repeat simile)"],"464":["repeat simile","position of line (repeat simile)"],"465":["repeat simile","position of line (repeat simile)"],"466":["repeat simile","position of line (repeat simile)"],"467":["repeat simile","position of line (repeat simile)"],"468":["repeat simile","position of line (repeat simile)"],"469":["repeat simile","position of line (repeat simile)"],"470":["repeat simile","position of line (repeat simile)"],"471":["repeat simile","position of line (repeat simile)"],"472":["repeat simile","position of line (repeat simile)"],"473":["repeat simile","position of line (repeat simile)"],"474":["repeat simile","position of line (repeat simile)"],"475":["repeat simile","position of line (repeat simile)"],"476":["repeat simile","position of line (repeat simile)"],"477":["repeat simile","position of measure (repeat simile)"],"478":["repeat simile","position of measure (repeat simile)"],"479":["repeat simile","position of measure (repeat simile)"],"480":["repeat simile","position of measure (repeat simile)"],"481":["repeat simile","position of measure (repeat simile)"],"482":["repeat simile","position of measure (repeat simile)"],"483":["repeat simile","position of measure (repeat simile)"],"484":["repeat simile","position of measure (repeat simile)"],"485":["repeat simile","position of measure (repeat simile)"],"486":["repeat simile","position of measure (repeat simile)"],"487":["repeat simile","position of measure (repeat simile)"],"488":["repeat simile","position of measure (repeat simile)"],"489":["repeat simile","position of measure (repeat simile)"],"490":["repeat simile","position of measure (repeat simile)"],"491":["repeat simile","position of stave (repeat simile)"],"492":["repeat simile","position of stave (repeat simile)"],"493":["repeat simile","position of stave (repeat simile)"],"494":["repeat simile","position of stave (repeat simile)"],"495":["repeat simile","position of stave (repeat simile)"],"496":["repeat simile","position of stave (repeat simile)"],"497":["repeat simile","position of stave (repeat simile)"],"498":["repeat simile","position of stave (repeat simile)"],"499":["repeat simile","position of stave (repeat simile)"],"500":["repeat simile","position of stave (repeat simile)"],"501":["repeat simile","position of stave (repeat simile)"],"502":["repeat simile","position of stave (repeat simile)"],"503":["repeat simile","position of voice (repeat simile)"],"504":["repeat simile","position of voice (repeat simile)"],"505":["repeat simile","position of voice (repeat simile)"],"506":["repeat simile","position of voice (repeat simile)"],"507":["repeat simile","position of voice (repeat simile)"],"508":["repeat simile","repeat simile starts"],"509":["repeat simile","repeat simile starts"],"510":["repeat simile","repeat simile starts"],"511":["repeat simile","repeat simile starts"],"512":["repeat simile","repeat simile starts"],"513":["repeat simile","repeat simile starts"],"514":["repeat simile","repeat simile starts"],"515":["repeat simile","repeat simile starts"],"516":["repeat simile","repeat simile starts"],"517":["repeat simile","repeat simile starts"],"518":["repeat simile","repeat simile starts"],"519":["repeat simile","repeat simile starts","position of unit (repeat simile starts)"],"520":["repeat simile","repeat simile starts","position of unit (repeat simile starts)"],"521":["repeat simile","repeat simile starts","position of unit (repeat simile starts)"],"522":["repeat simile","repeat simile finishes"],"523":["repeat simile","repeat simile finishes"],"524":["repeat simile","repeat simile finishes"],"525":["repeat simile","repeat simile finishes"],"526":["repeat simile","repeat simile finishes"],"527":["repeat simile","repeat simile finishes"],"528":["repeat simile","repeat simile finishes"],"529":["repeat simile","repeat simile finishes"],"530":["repeat simile","repeat simile finishes"],"531":["repeat simile","repeat simile finishes"],"532":["repeat simile","repeat simile finishes"],"533":["repeat simile","repeat simile finishes","position of unit (repeat simile finishes)"],"534":["repeat simile","repeat simile finishes","position of unit (repeat simile finishes)"],"535":["repeat simile","repeat simile finishes","position of unit (repeat simile finishes)"],"536":["repeat simile","repeat simile finishes","position of unit (repeat simile finishes)"],"537":["repeat simile","repeat simile finishes","position of unit (repeat simile finishes)"],"538":["repeat simile","repeat simile finishes","position of unit (repeat simile finishes)"],"539":["repeat simile","repeat simile finishes","position of unit (repeat simile finishes)"],"540":["repeat simile","repeat simile vertical correction"],"541":["empty line in general"],"542":["empty line in general"],"543":["empty line in general"],"544":["empty line in general"],"545":["empty line in general"],"546":["empty line in general"],"547":["empty line in general"],"548":["repeat simile"],"549":["repeat simile"],"550":["repeat simile"],"551":["repeat simile"],"552":["repeat simile"],"553":["repeat simile"],"554":["repeat simile"],"555":["repeat simile"],"556":["repeat simile"],"557":["repeat simile"],"558":["repeat simile"],"559":["repeat simile"],"560":["repeat simile"],"561":["repeat simile"],"562":["repeat simile"],"563":["repeat simile"],"564":["repeat simile","position of line (repeat simile)"],"565":["repeat simile","position of line (repeat simile)"],"566":["repeat simile","position of line (repeat simile)"],"567":["repeat simile","position of line (repeat simile)"],"568":["repeat simile","position of line (repeat simile)"],"569":["repeat simile","position of line (repeat simile)"],"570":["repeat simile","position of line (repeat simile)"],"571":["repeat simile","position of line (repeat simile)"],"572":["repeat simile","position of line (repeat simile)"],"573":["repeat simile","position of line (repeat simile)"],"574":["repeat simile","position of line (repeat simile)"],"575":["repeat simile","position of line (repeat simile)"],"576":["repeat simile","position of line (repeat simile)"],"577":["repeat simile","position of line (repeat simile)"],"578":["repeat simile","position of line (repeat simile)"],"579":["repeat simile","position of line (repeat simile)"],"580":["repeat simile","position of measure (repeat simile)"],"581":["repeat simile","position of measure (repeat simile)"],"582":["repeat simile","position of measure (repeat simile)"],"583":["repeat simile","position of measure (repeat simile)"],"584":["repeat simile","position of measure (repeat simile)"],"585":["repeat simile","position of measure (repeat simile)"],"586":["repeat simile","position of measure (repeat simile)"],"587":["repeat simile","position of measure (repeat simile)"],"588":["repeat simile","position of measure (repeat simile)"],"589":["repeat simile","position of measure (repeat simile)"],"590":["repeat simile","position of measure (repeat simile)"],"591":["repeat simile","position of measure (repeat simile)"],"592":["repeat simile","position of measure (repeat simile)"],"593":["repeat simile","position of measure (repeat simile)"],"594":["repeat simile","position of stave (repeat simile)"],"595":["repeat simile","position of stave (repeat simile)"],"596":["repeat simile","position of stave (repeat simile)"],"597":["repeat simile","position of stave (repeat simile)"],"598":["repeat simile","position of stave (repeat simile)"],"599":["repeat simile","position of stave (repeat simile)"],"600":["repeat simile","position of stave (repeat simile)"],"601":["repeat simile","position of stave (repeat simile)"],"602":["repeat simile","position of stave (repeat simile)"],"603":["repeat simile","position of stave (repeat simile)"],"604":["repeat simile","position of stave (repeat simile)"],"605":["repeat simile","position of stave (repeat simile)"],"606":["repeat simile","position of stave (repeat simile)"],"607":["repeat simile","position of voice (repeat simile)"],"608":["repeat simile","position of voice (repeat simile)"],"609":["repeat simile","position of voice (repeat simile)"],"610":["repeat simile","position of voice (repeat simile)"],"611":["repeat simile","position of voice (repeat simile)"],"612":["repeat simile","repeat simile starts"],"613":["repeat simile","repeat simile starts"],"614":["repeat simile","repeat simile starts"],"615":["repeat simile","repeat simile starts"],"616":["repeat simile","repeat simile starts"],"617":["repeat simile","repeat simile starts"],"618":["repeat simile","repeat simile starts"],"619":["repeat simile","repeat simile starts"],"620":["repeat simile","repeat simile starts"],"621":["repeat simile","repeat simile starts"],"622":["repeat simile","repeat simile starts"],"623":["repeat simile","repeat simile starts","position of unit (repeat simile starts)"],"624":["repeat simile","repeat simile starts","position of unit (repeat simile starts)"],"625":["repeat simile","repeat simile starts","position of unit (repeat simile starts)"],"626":["repeat simile","repeat simile finishes"],"627":["repeat simile","repeat simile finishes"],"628":["repeat simile","repeat simile finishes"],"629":["repeat simile","repeat simile finishes"],"630":["repeat simile","repeat simile finishes"],"631":["repeat simile","repeat simile finishes"],"632":["repeat simile","repeat simile finishes"],"633":["repeat simile","repeat simile finishes"],"634":["repeat simile","repeat simile finishes"],"635":["repeat simile","repeat simile finishes"],"636":["repeat simile","repeat simile finishes"],"637":["repeat simile","repeat simile finishes","position of unit (repeat simile finishes)"],"638":["repeat simile","repeat simile finishes","position of unit (repeat simile finishes)"],"639":["repeat simile","repeat simile finishes","position of unit (repeat simile finishes)"],"640":["repeat simile","repeat simile finishes","position of unit (repeat simile finishes)"],"641":["repeat simile","repeat simile finishes","position of unit (repeat simile finishes)"],"642":["repeat simile","repeat simile finishes","position of unit (repeat simile finishes)"],"643":["repeat simile","repeat simile finishes","position of unit (repeat simile finishes)"],"644":["repeat simile","repeat simile finishes","position of unit (repeat simile finishes)"],"645":["repeat simile","repeat simile vertical correction"]}