{"0":[],"1":[],"2":[],"3":["new"],"4":["new"],"5":["new"],"6":["new"],"7":["new"],"8":["new","new line"],"9":["new","new line"],"10":["new","new line"],"11":["new","new line"],"12":["new","new line"],"13":["new","new line"],"14":["new","new line"],"15":["new","new line"],"16":["measure"],"17":["measure"],"18":["measure"],"19":["measure"],"20":["measure"],"21":["measure"],"22":["stave"],"23":["stave"],"24":["note"],"25":["note"],"26":["note"],"27":["note"],"28":["note"],"29":["note"],"30":["note"],"31":["note"],"32":["note"],"33":["note"],"34":["note"],"35":["note"],"36":["note"],"37":["note"],"38":["measure"],"39":["empty line in general"],"40":["empty line in general"],"41":["empty line in general"],"42":["empty line in general"],"43":["empty line in general"],"44":["slur"],"45":["slur"],"46":["slur"],"47":["slur"],"48":["slur"],"49":["slur"],"50":["slur"],"51":["slur"],"52":["slur"],"53":["slur"],"54":["slur"],"55":["slur"],"56":["slur","slur starts at unit"],"57":["slur","slur starts at unit"],"58":["slur","slur starts at unit"],"59":["slur","slur starts at unit"],"60":["slur","slur starts at unit"],"61":["slur","slur starts at unit"],"62":["slur","slur starts at unit"],"63":["slur","slur starts at unit"],"64":["slur","slur starts at unit"],"65":["slur","slur starts at unit"],"66":["slur","slur starts at unit"],"67":["slur","slur starts at unit","position of unit (slur starts at unit)"],"68":["slur","slur starts at unit","position of unit (slur starts at unit)"],"69":["slur","slur starts at unit","position of unit (slur starts at unit)"],"70":["slur","slur starts at unit","position of unit (slur starts at unit)"],"71":["slur","slur starts at unit","position of unit (slur starts at unit)"],"72":["slur","slur starts at unit","position of unit (slur starts at unit)"],"73":["slur","slur starts at unit","position of unit (slur starts at unit)"],"74":["slur","slur starts at unit","position of unit (slur starts at unit)"],"75":["slur","slur starts at unit","position of unit (slur starts at unit)"],"76":["slur","slur starts at unit","position of unit (slur starts at unit)"],"77":["slur","slur starts at unit","position of unit (slur starts at unit)"],"78":["slur","slur starts at unit","position of unit (slur starts at unit)"],"79":["slur","slur starts at unit","position of unit (slur starts at unit)"],"80":["slur","slur starts at unit","position of unit (slur starts at unit)"],"81":["slur","slur starts at unit","position of unit (slur starts at unit)"],"82":["slur","slur starts at unit","position of unit (slur starts at unit)"],"83":["slur","slur starts at unit","position of unit (slur starts at unit)"],"84":["slur","slur starts at unit","position of unit (slur starts at unit)"],"85":["slur","slur starts at unit","position of unit (slur starts at unit)"],"86":["slur","slur finishes after unit"],"87":["slur","slur finishes after unit"],"88":["slur","slur finishes after unit"],"89":["slur","slur finishes after unit"],"90":["slur","slur finishes after unit"],"91":["slur","slur finishes after unit"],"92":["slur","slur finishes after unit"],"93":["slur","slur finishes after unit"],"94":["slur","slur finishes after unit"],"95":["slur","slur finishes after unit","position of unit (slur finishes after unit)"],"96":["empty line in general"],"97":["empty line in general"],"98":["empty line in general"],"99":["empty line in general"],"100":["new"],"101":["new"],"102":["new"],"103":["new"],"104":["new"],"105":["new","new line"],"106":["new","new line"],"107":["new","new line"],"108":["new","new line"],"109":["new","new line"],"110":["new","new line"],"111":["new","new line"],"112":["new","new line"],"113":["measure"],"114":["measure"],"115":["measure"],"116":["measure"],"117":["measure"],"118":["measure"],"119":["stave"],"120":["stave"],"121":["note"],"122":["note"],"123":["note"],"124":["note"],"125":["note"],"126":["note"],"127":["note"],"128":["note"],"129":["note"],"130":["note"],"131":["note"],"132":["note"],"133":["note"],"134":["note"],"135":["measure"],"136":["empty line in general"],"137":["empty line in general"],"138":["empty line in general"],"139":["empty line in general"],"140":["empty line in general"],"141":["slur"],"142":["slur"],"143":["slur"],"144":["slur"],"145":["slur"],"146":["slur"],"147":["slur"],"148":["slur"],"149":["slur"],"150":["slur"],"151":["slur"],"152":["slur"],"153":["slur"],"154":["slur"],"155":["slur","slur starts before unit"],"156":["slur","slur starts before unit"],"157":["slur","slur starts before unit"],"158":["slur","slur starts before unit"],"159":["slur","slur starts before unit"],"160":["slur","slur starts before unit"],"161":["slur","slur starts before unit"],"162":["slur","slur starts before unit"],"163":["slur","slur starts before unit"],"164":["slur","slur starts before unit"],"165":["slur","slur starts before unit"],"166":["slur","slur starts before unit","position of unit (slur starts before unit)"],"167":["slur","slur starts before unit","position of unit (slur starts before unit)"],"168":["slur","slur starts before unit","position of unit (slur starts before unit)"],"169":["slur","slur starts before unit","position of unit (slur starts before unit)"],"170":["slur","slur starts before unit","position of unit (slur starts before unit)"],"171":["slur","slur starts before unit","position of unit (slur starts before unit)"],"172":["slur","slur starts before unit","position of unit (slur starts before unit)"],"173":["slur","slur starts before unit","position of unit (slur starts before unit)"],"174":["slur","slur starts before unit","position of unit (slur starts before unit)"],"175":["slur","slur starts before unit","position of unit (slur starts before unit)"],"176":["slur","slur starts before unit","position of unit (slur starts before unit)"],"177":["slur","slur starts before unit","position of unit (slur starts before unit)"],"178":["slur","slur starts before unit","position of unit (slur starts before unit)"],"179":["slur","slur finishes at unit"],"180":["slur","slur finishes at unit"],"181":["slur","slur finishes at unit"],"182":["slur","slur finishes at unit"],"183":["slur","slur finishes at unit"],"184":["slur","slur finishes at unit"],"185":["slur","slur finishes at unit"],"186":["slur","slur finishes at unit"],"187":["slur","slur finishes at unit"],"188":["slur","slur finishes at unit"],"189":["slur","slur finishes at unit"],"190":["slur","slur finishes at unit","position of unit (slur finishes at unit)"]}