{"0":[],"1":[],"2":[],"3":[],"4":[],"5":[],"6":[],"7":["measure"],"8":["measure"],"9":["measure"],"10":["measure"],"11":["measure"],"12":["measure"],"13":["stave"],"14":["stave"],"15":["note"],"16":["note"],"17":["note"],"18":["note"],"19":["note"],"20":["note"],"21":["note"],"22":["note"],"23":["note"],"24":["note"],"25":["note"],"26":["note"],"27":["stave"],"28":["stave"],"29":["stave"],"30":["stave"],"31":["stave"],"32":["stave"],"33":["stave"],"34":["note"],"35":["note"],"36":["note"],"37":["note"],"38":["note"],"39":["note"],"40":["note"],"41":["note"],"42":["measure"],"43":["measure"],"44":["measure"],"45":["measure"],"46":["measure"],"47":["measure"],"48":["stave"],"49":["stave"],"50":["stave"],"51":["stave"],"52":["stave"],"53":["stave"],"54":["stave"],"55":["note"],"56":["note"],"57":["note"],"58":["note"],"59":["note"],"60":["note"],"61":["stave"],"62":["stave"],"63":["stave"],"64":["stave"],"65":["stave"],"66":["stave"],"67":["note"],"68":["note"],"69":["note"],"70":["note"],"71":["note"],"72":["note"],"73":["note"],"74":["empty line after note"],"75":["empty line after note"],"76":["empty line after note"],"77":["empty line after note"],"78":["empty line after note"],"79":["slur"],"80":["slur"],"81":["slur"],"82":["slur"],"83":["slur"],"84":["slur"],"85":["slur"],"86":["slur","slur starts at unit"],"87":["slur","slur starts at unit"],"88":["slur","slur starts at unit"],"89":["slur","slur starts at unit"],"90":["slur","slur starts at unit"],"91":["slur","slur starts at unit"],"92":["slur","slur starts at unit"],"93":["slur","slur starts at unit"],"94":["slur","slur starts at unit"],"95":["slur","slur starts at unit"],"96":["slur","slur starts at unit"],"97":["slur","slur starts at unit"],"98":["slur","slur starts at unit"],"99":["slur","slur starts at unit"],"100":["slur","slur starts at unit"],"101":["slur","slur starts at unit"],"102":["slur","slur starts at unit"],"103":["slur","slur starts at unit","position of unit (slur starts at unit)"],"104":["slur","slur starts at unit","position of unit (slur starts at unit)"],"105":["slur","slur starts at unit","position of unit (slur starts at unit)"],"106":["slur","slur starts at unit","position of unit (slur starts at unit)"],"107":["slur","slur starts at unit","position of unit (slur starts at unit)"],"108":["slur","slur starts at unit","position of unit (slur starts at unit)"],"109":["slur","slur starts at unit","position of unit (slur starts at unit)"],"110":["slur","slur starts at unit","position of unit (slur starts at unit)"],"111":["slur","slur starts at unit","position of unit (slur starts at unit)"],"112":["slur","slur starts at unit","position of unit (slur starts at unit)"],"113":["slur","slur starts at unit","position of unit (slur starts at unit)"],"114":["slur","slur starts at unit","position of unit (slur starts at unit)"],"115":["slur","slur starts at unit","position of unit (slur starts at unit)"],"116":["slur","slur starts at unit","position of unit (slur starts at unit)"],"117":["slur","slur starts at unit","position of unit (slur starts at unit)"],"118":["slur","slur starts at unit","position of unit (slur starts at unit)"],"119":["slur","slur starts at unit","position of unit (slur starts at unit)"],"120":["slur","slur starts at unit","position of measure (slur starts at unit)"],"121":["slur","slur starts at unit","position of measure (slur starts at unit)"],"122":["slur","slur starts at unit","position of measure (slur starts at unit)"],"123":["slur","slur starts at unit","position of measure (slur starts at unit)"],"124":["slur","slur starts at unit","position of measure (slur starts at unit)"],"125":["slur","slur starts at unit","position of measure (slur starts at unit)"],"126":["slur","slur starts at unit","position of measure (slur starts at unit)"],"127":["slur","slur starts at unit","position of measure (slur starts at unit)"],"128":["slur","slur starts at unit","position of measure (slur starts at unit)"],"129":["slur","slur starts at unit","position of measure (slur starts at unit)"],"130":["slur","slur starts at unit","position of measure (slur starts at unit)"],"131":["slur","slur starts at unit","position of measure (slur starts at unit)"],"132":["slur","slur starts at unit","position of measure (slur starts at unit)"],"133":["slur","slur starts at unit","position of measure (slur starts at unit)"],"134":["slur","slur starts at unit","position of measure (slur starts at unit)"],"135":["slur","slur starts at unit","position of stave (slur starts at unit)"],"136":["slur","slur starts at unit","position of stave (slur starts at unit)"],"137":["slur","slur starts at unit","position of stave (slur starts at unit)"],"138":["slur","slur starts at unit","position of stave (slur starts at unit)"],"139":["slur","slur starts at unit","position of stave (slur starts at unit)"],"140":["slur","slur starts at unit","position of stave (slur starts at unit)"],"141":["slur","slur starts at unit","position of stave (slur starts at unit)"],"142":["slur","slur starts at unit","position of stave (slur starts at unit)"],"143":["slur","slur starts at unit","position of stave (slur starts at unit)"],"144":["slur","slur starts at unit","position of stave (slur starts at unit)"],"145":["slur","slur starts at unit","position of stave (slur starts at unit)"],"146":["slur","slur starts at unit","position of stave (slur starts at unit)"],"147":["slur","slur starts at unit","position of stave (slur starts at unit)"],"148":["slur","slur finishes at unit"],"149":["slur","slur finishes at unit"],"150":["slur","slur finishes at unit"],"151":["slur","slur finishes at unit"],"152":["slur","slur finishes at unit"],"153":["slur","slur finishes at unit"],"154":["slur","slur finishes at unit"],"155":["slur","slur finishes at unit"],"156":["slur","slur finishes at unit"],"157":["slur","slur finishes at unit"],"158":["slur","slur finishes at unit"],"159":["slur","slur finishes at unit"],"160":["slur","slur finishes at unit"],"161":["slur","slur finishes at unit"],"162":["slur","slur finishes at unit"],"163":["slur","slur finishes at unit","position of unit (slur finishes at unit)"],"164":["slur","slur finishes at unit","position of unit (slur finishes at unit)"],"165":["slur","slur finishes at unit","position of unit (slur finishes at unit)"],"166":["slur","slur finishes at unit","position of unit (slur finishes at unit)"],"167":["slur","slur finishes at unit","position of unit (slur finishes at unit)"],"168":["slur","slur finishes at unit","position of unit (slur finishes at unit)"],"169":["slur","slur finishes at unit","position of unit (slur finishes at unit)"],"170":["slur","slur finishes at unit","position of unit (slur finishes at unit)"],"171":["slur","slur finishes at unit","position of unit (slur finishes at unit)"],"172":["slur","slur finishes at unit","position of unit (slur finishes at unit)"],"173":["slur","slur finishes at unit","position of unit (slur finishes at unit)"],"174":["slur","slur finishes at unit","position of unit (slur finishes at unit)"],"175":["slur","slur finishes at unit","position of unit (slur finishes at unit)"],"176":["slur","slur finishes at unit","position of unit (slur finishes at unit)"],"177":["slur","slur finishes at unit","position of unit (slur finishes at unit)"],"178":["slur","slur finishes at unit","position of unit (slur finishes at unit)"],"179":["slur","slur finishes at unit","position of unit (slur finishes at unit)"],"180":["slur","slur finishes at unit","position of unit (slur finishes at unit)"],"181":["slur","slur finishes at unit","position of measure (slur finishes at unit)"],"182":["slur","slur finishes at unit","position of measure (slur finishes at unit)"],"183":["slur","slur finishes at unit","position of measure (slur finishes at unit)"],"184":["slur","slur finishes at unit","position of measure (slur finishes at unit)"],"185":["slur","slur finishes at unit","position of measure (slur finishes at unit)"],"186":["slur","slur finishes at unit","position of measure (slur finishes at unit)"],"187":["slur","slur finishes at unit","position of measure (slur finishes at unit)"],"188":["slur","slur finishes at unit","position of measure (slur finishes at unit)"],"189":["slur","slur finishes at unit","position of measure (slur finishes at unit)"],"190":["slur","slur finishes at unit","position of measure (slur finishes at unit)"],"191":["slur","slur finishes at unit","position of measure (slur finishes at unit)"],"192":["slur","slur finishes at unit","position of measure (slur finishes at unit)"],"193":["slur","slur finishes at unit","position of measure (slur finishes at unit)"],"194":["slur","slur finishes at unit","position of measure (slur finishes at unit)"],"195":["slur","slur finishes at unit","position of measure (slur finishes at unit)"],"196":["slur","slur finishes at unit","position of measure (slur finishes at unit)"],"197":["slur","slur finishes at unit","position of stave (slur finishes at unit)"],"198":["empty line in general"],"199":["empty line in general"],"200":["empty line in general"],"201":["empty line in general"],"202":["empty line in general"],"203":["empty line in general"],"204":["empty line in general"],"205":["empty line in general"],"206":["empty line in general"],"207":["comment"],"208":["comment"],"209":["comment text starts"],"210":["comment text starts"],"211":["comment text starts"],"212":["comment text starts"],"213":["comment text starts"],"214":["comment text starts","comment text (comment text starts)"],"215":["comment text starts","comment text (comment text starts)"],"216":["comment text starts","comment text (comment text starts)"],"217":["comment text starts","comment text (comment text starts)"],"218":["comment text starts","comment text (comment text starts)"],"219":["comment text starts","comment text (comment text starts)"],"220":["comment text starts","comment text (comment text starts)"],"221":["comment text starts","comment text (comment text starts)"],"222":["comment text starts","comment text (comment text starts)"],"223":["comment text starts","comment text (comment text starts)"],"224":["comment text starts","comment text (comment text starts)"],"225":["comment text starts","comment text (comment text starts)"],"226":["comment text starts","comment text (comment text starts)"],"227":["comment text starts","comment text (comment text starts)"],"228":["comment text starts","comment text (comment text starts)"],"229":["comment text starts","comment text (comment text starts)"],"230":["comment text starts","comment text (comment text starts)"],"231":["comment text starts","comment text (comment text starts)"],"232":["comment text starts","comment text (comment text starts)"],"233":["comment text starts","comment text (comment text starts)"],"234":["comment text starts","comment text (comment text starts)"],"235":["comment text starts","comment text (comment text starts)"],"236":["comment text starts","comment text (comment text starts)"],"237":["comment text starts","comment text (comment text starts)"],"238":["comment text starts","comment text (comment text starts)"],"239":["comment text starts","comment text (comment text starts)"],"240":["comment text starts","comment text (comment text starts)"],"241":["comment text starts","comment text (comment text starts)"],"242":["comment text starts","comment text (comment text starts)"],"243":["comment text starts","comment text (comment text starts)"],"244":["comment text starts","comment text (comment text starts)"],"245":["comment text starts","comment text (comment text starts)"],"246":["comment text starts","comment text (comment text starts)"],"247":["comment text starts","comment text (comment text starts)"],"248":["comment text starts","comment text (comment text starts)"],"249":["comment text starts","comment text (comment text starts)"],"250":["comment text starts","comment text (comment text starts)"],"251":["comment text starts","comment text (comment text starts)"],"252":["comment text starts","comment text (comment text starts)"],"253":["comment text starts","comment text (comment text starts)"],"254":["comment text starts","comment text (comment text starts)"],"255":["comment text starts","comment text (comment text starts)"],"256":["comment text starts","comment text (comment text starts)"],"257":["comment text starts","comment text (comment text starts)"],"258":["comment text starts","comment text (comment text starts)"],"259":["comment text starts","comment text (comment text starts)"],"260":["comment text starts","comment text (comment text starts)"],"261":["comment text starts","comment text (comment text starts)"],"262":["comment text starts","comment text (comment text starts)"],"263":["comment text starts","comment text (comment text starts)"],"264":["comment text starts","comment text (comment text starts)"],"265":["comment text starts","comment text (comment text starts)"],"266":["comment text starts","comment text (comment text starts)"],"267":["comment text starts","comment text (comment text starts)"],"268":["comment text starts","comment text (comment text starts)"],"269":["comment text starts","comment text (comment text starts)"],"270":["comment text starts","comment text (comment text starts)"],"271":["comment text starts","comment text (comment text starts)"],"272":["comment text starts","comment text (comment text starts)"],"273":["comment text starts","comment text (comment text starts)"],"274":["comment text starts","comment text (comment text starts)"],"275":["comment text starts","comment text (comment text starts)"],"276":["comment text starts","comment text (comment text starts)"],"277":["comment text starts","comment text (comment text starts)"],"278":["comment text starts","comment text (comment text starts)"],"279":["comment text starts","comment text (comment text starts)"],"280":["comment text starts","comment text (comment text starts)"],"281":["comment text starts","comment text (comment text starts)"],"282":["comment text starts","comment text (comment text starts)"],"283":["comment text starts","comment text (comment text starts)"],"284":["comment text starts","comment text (comment text starts)"],"285":["comment text starts","comment text (comment text starts)"],"286":["comment text starts","comment text (comment text starts)"],"287":["comment text starts","comment text (comment text starts)"],"288":["comment text starts","comment text (comment text starts)"],"289":["comment text starts","comment text (comment text starts)"],"290":["comment text starts","comment text (comment text starts)"],"291":["comment text starts","comment text (comment text starts)"],"292":["comment text starts","comment text (comment text starts)"],"293":["comment text starts","comment text (comment text starts)"],"294":["comment text starts","comment text (comment text starts)"],"295":["comment text starts","comment text (comment text starts)"],"296":["comment text starts","comment text (comment text starts)"],"297":["comment text starts","comment text (comment text starts)"],"298":["comment text starts","comment text (comment text starts)"],"299":["comment text starts","comment text (comment text starts)"],"300":["comment text starts","comment text (comment text starts)"],"301":["comment text starts","comment text (comment text starts)"],"302":["comment text starts","comment text (comment text starts)"],"303":["comment text starts","comment text (comment text starts)"],"304":["comment text starts","comment text (comment text starts)"],"305":["comment text starts","comment text (comment text starts)"],"306":["comment text starts","comment text (comment text starts)"],"307":["comment text starts","comment text (comment text starts)"],"308":["comment text starts","comment text (comment text starts)"],"309":["comment text starts","comment text (comment text starts)"],"310":["comment text starts","comment text (comment text starts)"],"311":["comment text starts","comment text (comment text starts)"],"312":["comment text starts","comment text (comment text starts)"],"313":["comment text starts","comment text (comment text starts)"],"314":["comment text starts","comment text (comment text starts)"],"315":["comment text starts","comment text (comment text starts)"],"316":["comment text starts","comment text (comment text starts)"],"317":["comment text starts","comment text (comment text starts)"],"318":["comment text starts","comment text (comment text starts)"],"319":["comment text starts","comment text (comment text starts)"],"320":["comment text starts","comment text (comment text starts)"],"321":["comment text starts","comment text (comment text starts)"],"322":["comment text starts","comment text (comment text starts)"],"323":["comment text starts","comment text (comment text starts)"],"324":["comment text starts","comment text (comment text starts)"],"325":["comment text starts","comment text (comment text starts)"],"326":["comment text starts","comment text (comment text starts)"],"327":["comment text starts","comment text (comment text starts)"],"328":["comment text starts","comment text (comment text starts)"],"329":["comment text starts","comment text (comment text starts)"],"330":["comment text starts","comment text (comment text starts)"],"331":["comment text starts","comment text (comment text starts)"],"332":["comment text starts","comment text (comment text starts)"],"333":["comment text starts","comment text (comment text starts)"],"334":["comment text starts","comment text (comment text starts)"],"335":["comment text starts","comment text (comment text starts)"],"336":["comment text starts","comment text (comment text starts)"],"337":["comment text starts","comment text (comment text starts)"],"338":["comment text starts","comment text (comment text starts)"],"339":["comment text starts","comment text (comment text starts)"],"340":["comment text starts","comment text (comment text starts)"],"341":["comment text starts","comment text (comment text starts)"],"342":["comment text starts","comment text (comment text starts)"],"343":["comment text starts","comment text (comment text starts)"],"344":["comment text starts","comment text (comment text starts)"],"345":["comment text starts","comment text (comment text starts)"],"346":["comment text starts","comment text (comment text starts)"],"347":["comment text starts","comment text (comment text starts)"],"348":["comment text starts","comment text (comment text starts)"],"349":["comment text starts","comment text (comment text starts)"],"350":["comment text starts","comment text (comment text starts)"],"351":["comment text starts","comment text (comment text starts)"],"352":["comment text starts","comment text (comment text starts)"],"353":["comment text starts","comment text (comment text starts)"],"354":["comment text starts","comment text (comment text starts)"],"355":["comment text starts","comment text (comment text starts)"],"356":["comment text starts","comment text (comment text starts)"],"357":["comment text starts","comment text (comment text starts)"],"358":["comment text starts","comment text (comment text starts)"],"359":["comment text starts","comment text (comment text starts)"],"360":["comment text starts","comment text (comment text starts)"],"361":["comment text starts","comment text (comment text starts)"],"362":["comment text starts","comment text (comment text starts)"],"363":["comment text starts","comment text (comment text starts)"],"364":["comment text starts","comment text (comment text starts)"],"365":["comment text starts","comment text (comment text starts)"],"366":["comment text starts","comment text (comment text starts)"],"367":["comment text starts","comment text (comment text starts)"],"368":["comment text starts","comment text (comment text starts)"],"369":["comment text starts","comment text (comment text starts)"],"370":["comment text starts","comment text (comment text starts)"],"371":["comment text starts","comment text (comment text starts)"],"372":["comment text starts","comment text (comment text starts)"],"373":["comment text starts","comment text (comment text starts)"],"374":["comment text starts","comment text (comment text starts)"],"375":["comment text starts","comment text (comment text starts)"],"376":["comment text starts","comment text (comment text starts)"],"377":["comment text starts","comment text (comment text starts)"],"378":["comment text starts","comment text (comment text starts)"],"379":["comment text starts","comment text (comment text starts)"],"380":["comment text starts","comment text (comment text starts)"],"381":["comment text starts","comment text (comment text starts)"],"382":["comment text starts","comment text (comment text starts)"],"383":["comment text starts","comment text (comment text starts)"],"384":["comment text starts","comment text (comment text starts)"],"385":["comment text starts","comment text (comment text starts)"],"386":["comment text starts","comment text (comment text starts)"],"387":["comment text starts","comment text (comment text starts)"],"388":["comment text starts","comment text (comment text starts)"],"389":["comment text starts","comment text (comment text starts)"],"390":["comment text starts","comment text (comment text starts)"],"391":["comment text starts","comment text (comment text starts)"],"392":["comment text starts","comment text (comment text starts)"],"393":["comment text starts","comment text (comment text starts)"],"394":["comment text starts","comment text (comment text starts)"],"395":["comment text starts","comment text (comment text starts)"],"396":["comment text ends (comment text starts)"]}