{"0":[],"1":[],"2":[],"3":[],"4":[],"5":["voice"],"6":["voice"],"7":["voice"],"8":["voice"],"9":["voice"],"10":["voice"],"11":["voice"],"12":["note"],"13":["note"],"14":["note"],"15":["note"],"16":["note"],"17":["note"],"18":["note"],"19":["note"],"20":["note"],"21":["note"],"22":["note"],"23":["note"],"24":["voice"],"25":["voice"],"26":["voice"],"27":["voice"],"28":["voice"],"29":["voice"],"30":["note"],"31":["note"],"32":["note"],"33":["note"]}