{"0":[],"1":[],"2":[],"3":["new"],"4":["new"],"5":["new"],"6":["new"],"7":["new"],"8":["new","new line"],"9":["new","new line"],"10":["new","new line"],"11":["new","new line"],"12":["new","new line"],"13":["new","new line"],"14":["new","new line"],"15":["new","new line"],"16":["measure"],"17":["measure"],"18":["note"],"19":["note"],"20":["note"],"21":["note"],"22":["note"],"23":["note"],"24":["note"],"25":["note"],"26":["note"],"27":["note"],"28":["note"],"29":["note"],"30":["note"],"31":["note"],"32":["note","note with text"],"33":["note","note with text"],"34":["note","note with text"],"35":["note","note with text"],"36":["note","note with text"],"37":["note","note with text"],"38":["note","note with text","note with text above or below"],"39":["note","note with text","note with text above or below"],"40":["note"],"41":["note"],"42":["note"],"43":["note"],"44":["note"],"45":["note"],"46":["note"],"47":["note"],"48":["note"],"49":["note"],"50":["note"],"51":["note"],"52":["note"],"53":["note"],"54":["note","note with text"],"55":["note","note with text"],"56":["note","note with text"],"57":["note","note with text"],"58":["note","note with text"],"59":["note","note with text"],"60":["note","note with text","note with text above or below"],"61":["note","note with text","note with text above or below"],"62":["note"],"63":["note"],"64":["note"],"65":["note"],"66":["note"],"67":["note"],"68":["note"],"69":["note"],"70":["note"],"71":["note"],"72":["note"],"73":["note"],"74":["note"],"75":["note"],"76":["note","note with text"],"77":["note","note with text"],"78":["note","note with text"],"79":["note","note with text"],"80":["note","note with text"],"81":["note","note with text"],"82":["note","note with text"],"83":["note","note with text","note with text beside"],"84":["note","note with text","note with text beside"],"85":["note","note with text","note with text beside"],"86":["note","note with text","note with text beside"],"87":["note","note with text","note with text beside"],"88":["note","note with text","note with text beside"],"89":["note","note with text","note with text beside"],"90":["note","note with text","note with text beside"],"91":["measure"],"92":["measure"],"93":["measure"],"94":["measure"],"95":["measure"],"96":["measure"],"97":["chord"],"98":["chord"],"99":["chord"],"100":["chord"],"101":["chord"],"102":["chord"],"103":["chord"],"104":["chord"],"105":["chord"],"106":["chord"],"107":["chord"],"108":["chord"],"109":["chord"],"110":["chord"],"111":["chord","chord with text"],"112":["chord","chord with text"],"113":["chord","chord with text"],"114":["chord","chord with text","chord with text up or down"],"115":["chord","chord with text","chord with text up or down"],"116":["note"],"117":["note"],"118":["note"],"119":["note"],"120":["note"],"121":["note"],"122":["note"],"123":["note"],"124":["note"],"125":["note"],"126":["chord"],"127":["chord"],"128":["chord"],"129":["chord"],"130":["chord"],"131":["chord"],"132":["chord"],"133":["chord"],"134":["chord"],"135":["chord"],"136":["chord"],"137":["chord"],"138":["chord"],"139":["chord"],"140":["chord","chord with text"],"141":["chord","chord with text"],"142":["chord","chord with text"],"143":["chord","chord with text"],"144":["chord","chord with text"],"145":["chord","chord with text","chord with text up or down"],"146":["chord","chord with text","chord with text up or down"],"147":["note"],"148":["note"],"149":["note"],"150":["note"],"151":["note"],"152":["note"],"153":["note"],"154":["note"],"155":["note"],"156":["note"],"157":["chord"],"158":["chord"],"159":["note"],"160":["note"],"161":["note"],"162":["note"],"163":["note"],"164":["note"],"165":["note"],"166":["note"],"167":["note"],"168":["note"],"169":["note"],"170":["note"],"171":["note"],"172":["note"],"173":["note","note with text"],"174":["note","note with text"],"175":["note","note with text"],"176":["note","note with text"],"177":["note","note with text"],"178":["note","note with text","note with text up or down"],"179":["note","note with text","note with text up or down"],"180":["note"],"181":["note"],"182":["note"],"183":["note"],"184":["note"],"185":["note"],"186":["note"],"187":["note"],"188":["note"],"189":["note"],"190":["note"],"191":["note"],"192":["note"],"193":["note"],"194":["note","note with text"],"195":["note","note with text"],"196":["note","note with text"],"197":["note","note with text"],"198":["note","note with text"],"199":["note","note with text"],"200":["note","note with text"],"201":["note","note with text","note with text beside"],"202":["note","note with text","note with text beside"],"203":["note"],"204":["note"],"205":["note"],"206":["note"],"207":["note"],"208":["note"],"209":["note"],"210":["note"],"211":["note"],"212":["note"],"213":["note"],"214":["note"],"215":["note"],"216":["note"],"217":["note","note with text"],"218":["note","note with text"],"219":["note","note with text"],"220":["note","note with text","note with text up or down"],"221":["note","note with text","note with text up or down"],"222":["note","note with text","note with text up or down"],"223":["note","note with text","note with text up or down"],"224":["note","note with text","note with text up or down"],"225":["note","note with text","note with text up or down"],"226":["chord"],"227":["chord"],"228":["note"],"229":["note"],"230":["note"],"231":["note"],"232":["note"],"233":["note"],"234":["note"],"235":["note"],"236":["note"],"237":["note"],"238":["note"],"239":["note"],"240":["note"],"241":["note"],"242":["note","note with text"],"243":["note","note with text"],"244":["note","note with text"],"245":["note","note with text"],"246":["note","note with text"],"247":["note","note with text"],"248":["note","note with text"],"249":["note","note with text","note with text beside"],"250":["note","note with text","note with text beside"],"251":["note"],"252":["note"],"253":["note"],"254":["note"],"255":["note"],"256":["note"],"257":["note"],"258":["note"],"259":["note"],"260":["note"],"261":["note"],"262":["note"],"263":["note"],"264":["note"],"265":["note","note with text"],"266":["note","note with text"],"267":["note","note with text"],"268":["note","note with text"],"269":["note","note with text"],"270":["note","note with text"],"271":["note","note with text"],"272":["note","note with text","note with text beside"],"273":["note","note with text","note with text beside"],"274":["note"],"275":["note"],"276":["note"],"277":["note"],"278":["note"],"279":["note"],"280":["note"],"281":["note"],"282":["note"],"283":["note"],"284":["note"],"285":["note"],"286":["note"],"287":["note"],"288":["note","note with text"],"289":["note","note with text"],"290":["note","note with text"],"291":["note","note with text"],"292":["note","note with text"],"293":["note","note with text"],"294":["note","note with text"],"295":["note","note with text","note with text beside"],"296":["empty line after note"],"297":["empty line after note"],"298":["empty line after note"],"299":["empty line after note"],"300":["empty line after note"],"301":["empty line after note"],"302":["empty line after note"],"303":["empty line after note"],"304":["empty line after note"],"305":["comment"],"306":["comment"],"307":["comment"],"308":["comment"],"309":["comment"],"310":["comment text starts"],"311":["comment text starts"],"312":["comment text starts"],"313":["comment text starts"],"314":["comment text starts","comment text (comment text starts)"],"315":["comment text starts","comment text (comment text starts)"],"316":["comment text starts","comment text (comment text starts)"],"317":["comment text starts","comment text (comment text starts)"],"318":["comment text starts","comment text (comment text starts)"],"319":["comment text starts","comment text (comment text starts)"],"320":["comment text starts","comment text (comment text starts)"],"321":["comment text starts","comment text (comment text starts)"],"322":["comment text starts","comment text (comment text starts)"],"323":["comment text starts","comment text (comment text starts)"],"324":["comment text starts","comment text (comment text starts)"],"325":["comment text starts","comment text (comment text starts)"],"326":["comment text starts","comment text (comment text starts)"],"327":["comment text starts","comment text (comment text starts)"],"328":["comment text starts","comment text (comment text starts)"],"329":["comment text starts","comment text (comment text starts)"],"330":["comment text starts","comment text (comment text starts)"],"331":["comment text starts","comment text (comment text starts)"],"332":["comment text starts","comment text (comment text starts)"],"333":["comment text starts","comment text (comment text starts)"],"334":["comment text starts","comment text (comment text starts)"],"335":["comment text ends (comment text starts)"]}