{"0":[],"1":["note"],"2":["note"],"3":["note"],"4":["note"],"5":["note"],"6":["note"],"7":["note"],"8":["note"],"9":["note"],"10":["note"],"11":["note"],"12":["note"],"13":["note"],"14":["note"],"15":["note"],"16":["note"],"17":["note","note stem direction"],"18":["note","note stem direction"],"19":["note","note stem direction"],"20":["note","note stem direction"],"21":["note","note stem direction"],"22":["note","note stem direction"],"23":["note","note stem direction"],"24":["note","note stem direction"],"25":["note","note stem direction"],"26":["note","note stem direction"],"27":["note","note stem direction"],"28":["note","note stem direction"],"29":["note","note stem direction"],"30":["note","note stem direction"],"31":["note","note stem direction"],"32":["note","note is tied with next"],"33":["note","note is tied with next"],"34":["note","note is tied with next"],"35":["note","note is tied with next","note tied with next direction"],"36":["note","note is tied with next","note tied with next direction"],"37":["note"],"38":["note"],"39":["note"],"40":["note"],"41":["note"],"42":["note"],"43":["note"],"44":["note"],"45":["note"],"46":["note"],"47":["note"],"48":["note"],"49":["note"],"50":["note","note stem direction"],"51":["empty line after note"],"52":["empty line after note"],"53":["note"],"54":["note"],"55":["note"],"56":["note"],"57":["note"],"58":["note"],"59":["note"],"60":["note"],"61":["note"],"62":["note"],"63":["note"],"64":["note"],"65":["note"],"66":["note"],"67":["note"],"68":["note"],"69":["note","note stem direction"],"70":["note","note stem direction"],"71":["note","note stem direction"],"72":["note","note stem direction"],"73":["note","note stem direction"],"74":["note","note stem direction"],"75":["note","note stem direction"],"76":["note","note stem direction"],"77":["note","note stem direction"],"78":["note","note stem direction"],"79":["note","note stem direction"],"80":["note","note stem direction"],"81":["note","note stem direction"],"82":["note","note stem direction"],"83":["note","note stem direction"],"84":["note","note is tied with next"],"85":["note","note is tied with next"],"86":["note","note is tied with next"],"87":["note","note is tied with next"],"88":["note","note is tied with next"],"89":["note","note is tied with next","note tied with next direction"],"90":["note","note is tied with next","note tied with next direction"],"91":["note"],"92":["note"],"93":["note"],"94":["note"],"95":["note"],"96":["note"],"97":["note"],"98":["note"],"99":["note"],"100":["note"],"101":["note"],"102":["note"],"103":["note","note stem direction"]}